Component: ARM Compiler 5.06 update 5 (build 528) Tool: armlink [4d35e2]

==============================================================================

Section Cross References

    startup_stm32f401xc.o(RESET) refers to startup_stm32f401xc.o(STACK) for __initial_sp
    startup_stm32f401xc.o(RESET) refers to startup_stm32f401xc.o(.text) for Reset_Handler
    startup_stm32f401xc.o(RESET) refers to stm32f4xx_it.o(i.NMI_Handler) for NMI_Handler
    startup_stm32f401xc.o(RESET) refers to stm32f4xx_it.o(i.HardFault_Handler) for HardFault_Handler
    startup_stm32f401xc.o(RESET) refers to stm32f4xx_it.o(i.MemManage_Handler) for MemManage_Handler
    startup_stm32f401xc.o(RESET) refers to stm32f4xx_it.o(i.BusFault_Handler) for BusFault_Handler
    startup_stm32f401xc.o(RESET) refers to stm32f4xx_it.o(i.UsageFault_Handler) for UsageFault_Handler
    startup_stm32f401xc.o(RESET) refers to stm32f4xx_it.o(i.SVC_Handler) for SVC_Handler
    startup_stm32f401xc.o(RESET) refers to stm32f4xx_it.o(i.DebugMon_Handler) for DebugMon_Handler
    startup_stm32f401xc.o(RESET) refers to stm32f4xx_it.o(i.PendSV_Handler) for PendSV_Handler
    startup_stm32f401xc.o(RESET) refers to stm32f4xx_it.o(i.SysTick_Handler) for SysTick_Handler
    startup_stm32f401xc.o(.text) refers to system_stm32f4xx.o(i.SystemInit) for SystemInit
    startup_stm32f401xc.o(.text) refers to entry.o(.ARM.Collect$$$$00000000) for __main
    main.o(i.SystemClock_Config) refers to memseta.o(.text) for __aeabi_memclr4
    main.o(i.SystemClock_Config) refers to stm32f4xx_hal_rcc.o(i.HAL_RCC_OscConfig) for HAL_RCC_OscConfig
    main.o(i.SystemClock_Config) refers to stm32f4xx_hal_rcc.o(i.HAL_RCC_ClockConfig) for HAL_RCC_ClockConfig
    main.o(i.main) refers to stm32f4xx_hal.o(i.HAL_Init) for HAL_Init
    main.o(i.main) refers to main.o(i.SystemClock_Config) for SystemClock_Config
    main.o(i.main) refers to gpio.o(i.MX_GPIO_Init) for MX_GPIO_Init
    main.o(i.main) refers to spi.o(i.MX_SPI2_Init) for MX_SPI2_Init
    main.o(i.main) refers to network.o(i.network_init) for network_init
    main.o(i.main) refers to delay.o(i.Delay_Init) for Delay_Init
    main.o(i.main) refers to mlx90640_api.o(i.MLX90640_SetRefreshRate) for MLX90640_SetRefreshRate
    main.o(i.main) refers to mlx90640_api.o(i.MLX90640_SetChessMode) for MLX90640_SetChessMode
    main.o(i.main) refers to mlx90640_api.o(i.MLX90640_DumpEE) for MLX90640_DumpEE
    main.o(i.main) refers to mlx90640_api.o(i.MLX90640_ExtractParameters) for MLX90640_ExtractParameters
    main.o(i.main) refers to mlx90640_api.o(i.MLX90640_GetFrameData) for MLX90640_GetFrameData
    main.o(i.main) refers to delay.o(i.delay_ms) for delay_ms
    main.o(i.main) refers to mlx90640_api.o(i.MLX90640_GetTa) for MLX90640_GetTa
    main.o(i.main) refers to mlx90640_api.o(RAMCODE) for MLX90640_CalculateTo
    main.o(i.main) refers to socket.o(i.sendto) for sendto
    main.o(i.main) refers to main.o(.bss) for .bss
    main.o(i.main) refers to network.o(.bss) for net_work
    gpio.o(i.MX_GPIO_Init) refers to memseta.o(.text) for __aeabi_memclr4
    gpio.o(i.MX_GPIO_Init) refers to stm32f4xx_hal_gpio.o(i.HAL_GPIO_WritePin) for HAL_GPIO_WritePin
    gpio.o(i.MX_GPIO_Init) refers to stm32f4xx_hal_gpio.o(i.HAL_GPIO_Init) for HAL_GPIO_Init
    spi.o(i.HAL_SPI_MspDeInit) refers to stm32f4xx_hal_gpio.o(i.HAL_GPIO_DeInit) for HAL_GPIO_DeInit
    spi.o(i.HAL_SPI_MspInit) refers to memseta.o(.text) for __aeabi_memclr4
    spi.o(i.HAL_SPI_MspInit) refers to stm32f4xx_hal_gpio.o(i.HAL_GPIO_Init) for HAL_GPIO_Init
    spi.o(i.MX_SPI2_Init) refers to stm32f4xx_hal_spi.o(i.HAL_SPI_Init) for HAL_SPI_Init
    spi.o(i.MX_SPI2_Init) refers to main.o(i.Error_Handler) for Error_Handler
    spi.o(i.MX_SPI2_Init) refers to spi.o(.bss) for .bss
    stm32f4xx_it.o(i.SysTick_Handler) refers to stm32f4xx_hal.o(i.HAL_IncTick) for HAL_IncTick
    stm32f4xx_hal_spi.o(i.HAL_SPI_Abort) refers to stm32f4xx_hal_dma.o(i.HAL_DMA_Abort) for HAL_DMA_Abort
    stm32f4xx_hal_spi.o(i.HAL_SPI_Abort) refers to system_stm32f4xx.o(.data) for SystemCoreClock
    stm32f4xx_hal_spi.o(i.HAL_SPI_Abort) refers to stm32f4xx_hal_spi.o(i.SPI_AbortTx_ISR) for SPI_AbortTx_ISR
    stm32f4xx_hal_spi.o(i.HAL_SPI_Abort) refers to stm32f4xx_hal_spi.o(i.SPI_AbortRx_ISR) for SPI_AbortRx_ISR
    stm32f4xx_hal_spi.o(i.HAL_SPI_Abort_IT) refers to stm32f4xx_hal_dma.o(i.HAL_DMA_Abort_IT) for HAL_DMA_Abort_IT
    stm32f4xx_hal_spi.o(i.HAL_SPI_Abort_IT) refers to stm32f4xx_hal_spi.o(i.HAL_SPI_AbortCpltCallback) for HAL_SPI_AbortCpltCallback
    stm32f4xx_hal_spi.o(i.HAL_SPI_Abort_IT) refers to system_stm32f4xx.o(.data) for SystemCoreClock
    stm32f4xx_hal_spi.o(i.HAL_SPI_Abort_IT) refers to stm32f4xx_hal_spi.o(i.SPI_AbortTx_ISR) for SPI_AbortTx_ISR
    stm32f4xx_hal_spi.o(i.HAL_SPI_Abort_IT) refers to stm32f4xx_hal_spi.o(i.SPI_AbortRx_ISR) for SPI_AbortRx_ISR
    stm32f4xx_hal_spi.o(i.HAL_SPI_Abort_IT) refers to stm32f4xx_hal_spi.o(i.SPI_DMATxAbortCallback) for SPI_DMATxAbortCallback
[...]
    Removing stm32f4xx_hal_rcc.o(i.HAL_RCC_CSSCallback), (2 bytes).
    Removing stm32f4xx_hal_rcc.o(i.HAL_RCC_DeInit), (4 bytes).
    Removing stm32f4xx_hal_rcc.o(i.HAL_RCC_DisableCSS), (12 bytes).
    Removing stm32f4xx_hal_rcc.o(i.HAL_RCC_EnableCSS), (12 bytes).
    Removing stm32f4xx_hal_rcc.o(i.HAL_RCC_GetClockConfig), (64 bytes).
    Removing stm32f4xx_hal_rcc.o(i.HAL_RCC_GetHCLKFreq), (12 bytes).
    Removing stm32f4xx_hal_rcc.o(i.HAL_RCC_GetOscConfig), (180 bytes).
    Removing stm32f4xx_hal_rcc.o(i.HAL_RCC_GetPCLK1Freq), (32 bytes).
    Removing stm32f4xx_hal_rcc.o(i.HAL_RCC_GetPCLK2Freq), (32 bytes).
    Removing stm32f4xx_hal_rcc.o(i.HAL_RCC_MCOConfig), (140 bytes).
    Removing stm32f4xx_hal_rcc.o(i.HAL_RCC_NMI_IRQHandler), (28 bytes).
    Removing stm32f4xx_hal_rcc_ex.o(.rev16_text), (4 bytes).
    Removing stm32f4xx_hal_rcc_ex.o(.revsh_text), (4 bytes).
    Removing stm32f4xx_hal_rcc_ex.o(.rrx_text), (6 bytes).
    Removing stm32f4xx_hal_rcc_ex.o(i.HAL_RCCEx_DisablePLLI2S), (52 bytes).
    Removing stm32f4xx_hal_rcc_ex.o(i.HAL_RCCEx_EnablePLLI2S), (104 bytes).
    Removing stm32f4xx_hal_rcc_ex.o(i.HAL_RCCEx_GetPeriphCLKConfig), (72 bytes).
    Removing stm32f4xx_hal_rcc_ex.o(i.HAL_RCCEx_GetPeriphCLKFreq), (92 bytes).
    Removing stm32f4xx_hal_rcc_ex.o(i.HAL_RCCEx_PeriphCLKConfig), (336 bytes).
    Removing stm32f4xx_hal_rcc_ex.o(i.HAL_RCC_DeInit), (304 bytes).
    Removing stm32f4xx_hal_flash.o(.rev16_text), (4 bytes).
    Removing stm32f4xx_hal_flash.o(.revsh_text), (4 bytes).
    Removing stm32f4xx_hal_flash.o(.rrx_text), (6 bytes).
    Removing stm32f4xx_hal_flash.o(i.FLASH_Program_Byte), (32 bytes).
    Removing stm32f4xx_hal_flash.o(i.FLASH_Program_DoubleWord), (40 bytes).
    Removing stm32f4xx_hal_flash.o(i.FLASH_Program_HalfWord), (36 bytes).
    Removing stm32f4xx_hal_flash.o(i.FLASH_Program_Word), (36 bytes).
    Removing stm32f4xx_hal_flash.o(i.FLASH_SetErrorCode), (124 bytes).
    Removing stm32f4xx_hal_flash.o(i.FLASH_WaitForLastOperation), (80 bytes).
    Removing stm32f4xx_hal_flash.o(i.HAL_FLASH_EndOfOperationCallback), (2 bytes).
    Removing stm32f4xx_hal_flash.o(i.HAL_FLASH_GetError), (12 bytes).
    Removing stm32f4xx_hal_flash.o(i.HAL_FLASH_IRQHandler), (204 bytes).
    Removing stm32f4xx_hal_flash.o(i.HAL_FLASH_Lock), (20 bytes).
    Removing stm32f4xx_hal_flash.o(i.HAL_FLASH_OB_Launch), (24 bytes).
    Removing stm32f4xx_hal_flash.o(i.HAL_FLASH_OB_Lock), (20 bytes).
    Removing stm32f4xx_hal_flash.o(i.HAL_FLASH_OB_Unlock), (40 bytes).
    Removing stm32f4xx_hal_flash.o(i.HAL_FLASH_OperationErrorCallback), (2 bytes).
    Removing stm32f4xx_hal_flash.o(i.HAL_FLASH_Program), (124 bytes).
    Removing stm32f4xx_hal_flash.o(i.HAL_FLASH_Program_IT), (108 bytes).
    Removing stm32f4xx_hal_flash.o(i.HAL_FLASH_Unlock), (44 bytes).
    Removing stm32f4xx_hal_flash.o(.bss), (32 bytes).
    Removing stm32f4xx_hal_flash_ex.o(.rev16_text), (4 bytes).
    Removing stm32f4xx_hal_flash_ex.o(.revsh_text), (4 bytes).
    Removing stm32f4xx_hal_flash_ex.o(.rrx_text), (6 bytes).
    Removing stm32f4xx_hal_flash_ex.o(i.FLASH_Erase_Sector), (80 bytes).
    Removing stm32f4xx_hal_flash_ex.o(i.FLASH_FlushCaches), (84 bytes).
    Removing stm32f4xx_hal_flash_ex.o(i.FLASH_MassErase), (40 bytes).
    Removing stm32f4xx_hal_flash_ex.o(i.HAL_FLASHEx_AdvOBGetConfig), (12 bytes).
    Removing stm32f4xx_hal_flash_ex.o(i.HAL_FLASHEx_AdvOBProgram), (60 bytes).
    Removing stm32f4xx_hal_flash_ex.o(i.HAL_FLASHEx_Erase), (152 bytes).
    Removing stm32f4xx_hal_flash_ex.o(i.HAL_FLASHEx_Erase_IT), (104 bytes).
    Removing stm32f4xx_hal_flash_ex.o(i.HAL_FLASHEx_OBGetConfig), (64 bytes).
    Removing stm32f4xx_hal_flash_ex.o(i.HAL_FLASHEx_OBProgram), (204 bytes).
    Removing stm32f4xx_hal_flash_ex.o(i.HAL_FLASHEx_OB_DeSelectPCROP), (20 bytes).
    Removing stm32f4xx_hal_flash_ex.o(i.HAL_FLASHEx_OB_SelectPCROP), (24 bytes).
    Removing stm32f4xx_hal_flash_ramfunc.o(.rev16_text), (4 bytes).
    Removing stm32f4xx_hal_flash_ramfunc.o(.revsh_text), (4 bytes).
    Removing stm32f4xx_hal_flash_ramfunc.o(.rrx_text), (6 bytes).
    Removing stm32f4xx_hal_gpio.o(.rev16_text), (4 bytes).
    Removing stm32f4xx_hal_gpio.o(.revsh_text), (4 bytes).
    Removing stm32f4xx_hal_gpio.o(.rrx_text), (6 bytes).
    Removing stm32f4xx_hal_gpio.o(i.HAL_GPIO_DeInit), (276 bytes).
    Removing stm32f4xx_hal_gpio.o(i.HAL_GPIO_EXTI_Callback), (2 bytes).
    Removing stm32f4xx_hal_gpio.o(i.HAL_GPIO_EXTI_IRQHandler), (24 bytes).
    Removing stm32f4xx_hal_gpio.o(i.HAL_GPIO_LockPin), (34 bytes).
    Removing stm32f4xx_hal_gpio.o(i.HAL_GPIO_ReadPin), (10 bytes).
    Removing stm32f4xx_hal_gpio.o(i.HAL_GPIO_TogglePin), (14 bytes).
    Removing stm32f4xx_hal_dma_ex.o(.rev16_text), (4 bytes).
    Removing stm32f4xx_hal_dma_ex.o(.revsh_text), (4 bytes).
    Removing stm32f4xx_hal_dma_ex.o(.rrx_text), (6 bytes).
    Removing stm32f4xx_hal_dma_ex.o(i.DMA_MultiBufferSetConfig), (30 bytes).
    Removing stm32f4xx_hal_dma_ex.o(i.HAL_DMAEx_ChangeMemory), (14 bytes).
    Removing stm32f4xx_hal_dma_ex.o(i.HAL_DMAEx_MultiBufferStart), (100 bytes).
    Removing stm32f4xx_hal_dma_ex.o(i.HAL_DMAEx_MultiBufferStart_IT), (2432 bytes).
    Removing stm32f4xx_hal_dma.o(.rev16_text), (4 bytes).
    Removing stm32f4xx_hal_dma.o(.revsh_text), (4 bytes).
    Removing stm32f4xx_hal_dma.o(.rrx_text), (6 bytes).
    Removing stm32f4xx_hal_dma.o(i.DMA_CalcBaseAndBitshift), (40 bytes).
    Removing stm32f4xx_hal_dma.o(i.DMA_CheckFifoParam), (84 bytes).
    Removing stm32f4xx_hal_dma.o(i.DMA_SetConfig), (40 bytes).
    Removing stm32f4xx_hal_dma.o(i.HAL_DMA_Abort), (142 bytes).
    Removing stm32f4xx_hal_dma.o(i.HAL_DMA_Abort_IT), (36 bytes).
    Removing stm32f4xx_hal_dma.o(i.HAL_DMA_DeInit), (98 bytes).
    Removing stm32f4xx_hal_dma.o(i.HAL_DMA_GetError), (4 bytes).
    Removing stm32f4xx_hal_dma.o(i.HAL_DMA_GetState), (6 bytes).
    Removing stm32f4xx_hal_dma.o(i.HAL_DMA_IRQHandler), (416 bytes).
    Removing stm32f4xx_hal_dma.o(i.HAL_DMA_Init), (212 bytes).
    Removing stm32f4xx_hal_dma.o(i.HAL_DMA_PollForTransfer), (292 bytes).
    Removing stm32f4xx_hal_dma.o(i.HAL_DMA_RegisterCallback), (80 bytes).
    Removing stm32f4xx_hal_dma.o(i.HAL_DMA_Start), (70 bytes).
    Removing stm32f4xx_hal_dma.o(i.HAL_DMA_Start_IT), (120 bytes).
    Removing stm32f4xx_hal_dma.o(i.HAL_DMA_UnRegisterCallback), (96 bytes).
    Removing stm32f4xx_hal_dma.o(.constdata), (8 bytes).
    Removing stm32f4xx_hal_pwr.o(.rev16_text), (4 bytes).
    Removing stm32f4xx_hal_pwr.o(.revsh_text), (4 bytes).
    Removing stm32f4xx_hal_pwr.o(.rrx_text), (6 bytes).
    Removing stm32f4xx_hal_pwr.o(i.HAL_PWR_ConfigPVD), (124 bytes).
    Removing stm32f4xx_hal_pwr.o(i.HAL_PWR_DeInit), (24 bytes).
    Removing stm32f4xx_hal_pwr.o(i.HAL_PWR_DisableBkUpAccess), (12 bytes).
    Removing stm32f4xx_hal_pwr.o(i.HAL_PWR_DisablePVD), (12 bytes).
    Removing stm32f4xx_hal_pwr.o(i.HAL_PWR_DisableSEVOnPend), (16 bytes).
    Removing stm32f4xx_hal_pwr.o(i.HAL_PWR_DisableSleepOnExit), (16 bytes).
    Removing stm32f4xx_hal_pwr.o(i.HAL_PWR_DisableWakeUpPin), (16 bytes).
    Removing stm32f4xx_hal_pwr.o(i.HAL_PWR_EnableBkUpAccess), (12 bytes).
    Removing stm32f4xx_hal_pwr.o(i.HAL_PWR_EnablePVD), (12 bytes).
    Removing stm32f4xx_hal_pwr.o(i.HAL_PWR_EnableSEVOnPend), (16 bytes).
    Removing stm32f4xx_hal_pwr.o(i.HAL_PWR_EnableSleepOnExit), (16 bytes).
    Removing stm32f4xx_hal_pwr.o(i.HAL_PWR_EnableWakeUpPin), (16 bytes).
    Removing stm32f4xx_hal_pwr.o(i.HAL_PWR_EnterSLEEPMode), (32 bytes).
    Removing stm32f4xx_hal_pwr.o(i.HAL_PWR_EnterSTANDBYMode), (32 bytes).
    Removing stm32f4xx_hal_pwr.o(i.HAL_PWR_EnterSTOPMode), (56 bytes).
    Removing stm32f4xx_hal_pwr.o(i.HAL_PWR_PVDCallback), (2 bytes).
    Removing stm32f4xx_hal_pwr.o(i.HAL_PWR_PVD_IRQHandler), (28 bytes).
    Removing stm32f4xx_hal_pwr_ex.o(.rev16_text), (4 bytes).
    Removing stm32f4xx_hal_pwr_ex.o(.revsh_text), (4 bytes).
    Removing stm32f4xx_hal_pwr_ex.o(.rrx_text), (6 bytes).
    Removing stm32f4xx_hal_pwr_ex.o(i.HAL_PWREx_ControlVoltageScaling), (176 bytes).
    Removing stm32f4xx_hal_pwr_ex.o(i.HAL_PWREx_DisableBkUpReg), (60 bytes).
    Removing stm32f4xx_hal_pwr_ex.o(i.HAL_PWREx_DisableFlashPowerDown), (12 bytes).
    Removing stm32f4xx_hal_pwr_ex.o(i.HAL_PWREx_DisableLowRegulatorLowVoltage), (12 bytes).
    Removing stm32f4xx_hal_pwr_ex.o(i.HAL_PWREx_DisableMainRegulatorLowVoltage), (12 bytes).
    Removing stm32f4xx_hal_pwr_ex.o(i.HAL_PWREx_EnableBkUpReg), (60 bytes).
    Removing stm32f4xx_hal_pwr_ex.o(i.HAL_PWREx_EnableFlashPowerDown), (12 bytes).
    Removing stm32f4xx_hal_pwr_ex.o(i.HAL_PWREx_EnableLowRegulatorLowVoltage), (12 bytes).
    Removing stm32f4xx_hal_pwr_ex.o(i.HAL_PWREx_EnableMainRegulatorLowVoltage), (12 bytes).
    Removing stm32f4xx_hal_pwr_ex.o(i.HAL_PWREx_GetVoltageRange), (16 bytes).
    Removing stm32f4xx_hal_cortex.o(.rev16_text), (4 bytes).
    Removing stm32f4xx_hal_cortex.o(.revsh_text), (4 bytes).
    Removing stm32f4xx_hal_cortex.o(.rrx_text), (6 bytes).
    Removing stm32f4xx_hal_cortex.o(i.HAL_MPU_ConfigRegion), (84 bytes).
    Removing stm32f4xx_hal_cortex.o(i.HAL_MPU_Disable), (28 bytes).
    Removing stm32f4xx_hal_cortex.o(i.HAL_MPU_Enable), (36 bytes).
    Removing stm32f4xx_hal_cortex.o(i.HAL_NVIC_ClearPendingIRQ), (26 bytes).
    Removing stm32f4xx_hal_cortex.o(i.HAL_NVIC_DisableIRQ), (34 bytes).
    Removing stm32f4xx_hal_cortex.o(i.HAL_NVIC_EnableIRQ), (26 bytes).
    Removing stm32f4xx_hal_cortex.o(i.HAL_NVIC_GetActive), (36 bytes).
    Removing stm32f4xx_hal_cortex.o(i.HAL_NVIC_GetPendingIRQ), (36 bytes).
    Removing stm32f4xx_hal_cortex.o(i.HAL_NVIC_GetPriority), (82 bytes).
    Removing stm32f4xx_hal_cortex.o(i.HAL_NVIC_GetPriorityGrouping), (16 bytes).
    Removing stm32f4xx_hal_cortex.o(i.HAL_NVIC_SetPendingIRQ), (26 bytes).
    Removing stm32f4xx_hal_cortex.o(i.HAL_NVIC_SystemReset), (36 bytes).
    Removing stm32f4xx_hal_cortex.o(i.HAL_SYSTICK_CLKSourceConfig), (24 bytes).
    Removing stm32f4xx_hal_cortex.o(i.HAL_SYSTICK_Callback), (2 bytes).
    Removing stm32f4xx_hal_cortex.o(i.HAL_SYSTICK_IRQHandler), (8 bytes).
    Removing stm32f4xx_hal.o(.rev16_text), (4 bytes).
    Removing stm32f4xx_hal.o(.revsh_text), (4 bytes).
    Removing stm32f4xx_hal.o(.rrx_text), (6 bytes).
    Removing stm32f4xx_hal.o(i.HAL_DBGMCU_DisableDBGSleepMode), (16 bytes).
    Removing stm32f4xx_hal.o(i.HAL_DBGMCU_DisableDBGStandbyMode), (16 bytes).
    Removing stm32f4xx_hal.o(i.HAL_DBGMCU_DisableDBGStopMode), (16 bytes).
    Removing stm32f4xx_hal.o(i.HAL_DBGMCU_EnableDBGSleepMode), (16 bytes).
    Removing stm32f4xx_hal.o(i.HAL_DBGMCU_EnableDBGStandbyMode), (16 bytes).
    Removing stm32f4xx_hal.o(i.HAL_DBGMCU_EnableDBGStopMode), (16 bytes).
    Removing stm32f4xx_hal.o(i.HAL_DeInit), (52 bytes).
    Removing stm32f4xx_hal.o(i.HAL_DisableCompensationCell), (12 bytes).
    Removing stm32f4xx_hal.o(i.HAL_EnableCompensationCell), (12 bytes).
    Removing stm32f4xx_hal.o(i.HAL_GetDEVID), (16 bytes).
    Removing stm32f4xx_hal.o(i.HAL_GetHalVersion), (8 bytes).
    Removing stm32f4xx_hal.o(i.HAL_GetREVID), (12 bytes).
    Removing stm32f4xx_hal.o(i.HAL_GetTickFreq), (12 bytes).
    Removing stm32f4xx_hal.o(i.HAL_GetTickPrio), (12 bytes).
    Removing stm32f4xx_hal.o(i.HAL_GetUIDw0), (12 bytes).
    Removing stm32f4xx_hal.o(i.HAL_GetUIDw1), (12 bytes).
    Removing stm32f4xx_hal.o(i.HAL_GetUIDw2), (12 bytes).
    Removing stm32f4xx_hal.o(i.HAL_MspDeInit), (2 bytes).
    Removing stm32f4xx_hal.o(i.HAL_MspInit), (2 bytes).
    Removing stm32f4xx_hal.o(i.HAL_ResumeTick), (14 bytes).
    Removing stm32f4xx_hal.o(i.HAL_SetTickFreq), (28 bytes).
    Removing stm32f4xx_hal.o(i.HAL_SuspendTick), (14 bytes).
    Removing stm32f4xx_hal_exti.o(.rev16_text), (4 bytes).
    Removing stm32f4xx_hal_exti.o(.revsh_text), (4 bytes).
    Removing stm32f4xx_hal_exti.o(.rrx_text), (6 bytes).
    Removing stm32f4xx_hal_exti.o(i.HAL_EXTI_ClearConfigLine), (56 bytes).
    Removing stm32f4xx_hal_exti.o(i.HAL_EXTI_ClearPending), (12 bytes).
    Removing stm32f4xx_hal_exti.o(i.HAL_EXTI_GenerateSWI), (12 bytes).
    Removing stm32f4xx_hal_exti.o(i.HAL_EXTI_GetConfigLine), (108 bytes).
    Removing stm32f4xx_hal_exti.o(i.HAL_EXTI_GetHandle), (12 bytes).
    Removing stm32f4xx_hal_exti.o(i.HAL_EXTI_GetPending), (28 bytes).
    Removing stm32f4xx_hal_exti.o(i.HAL_EXTI_IRQHandler), (28 bytes).
    Removing stm32f4xx_hal_exti.o(i.HAL_EXTI_RegisterCallback), (14 bytes).
    Removing stm32f4xx_hal_exti.o(i.HAL_EXTI_SetConfigLine), (112 bytes).
    Removing system_stm32f4xx.o(.rev16_text), (4 bytes).
    Removing system_stm32f4xx.o(.revsh_text), (4 bytes).
    Removing system_stm32f4xx.o(.rrx_text), (6 bytes).
    Removing system_stm32f4xx.o(i.SystemCoreClockUpdate), (124 bytes).
    Removing system_stm32f4xx.o(.constdata), (8 bytes).
    Removing delay.o(.rev16_text), (4 bytes).
    Removing delay.o(.revsh_text), (4 bytes).
    Removing delay.o(.rrx_text), (6 bytes).
    Removing delay.o(i.Delay), (6 bytes).
    Removing delay.o(i.delay_us), (48 bytes).
    Removing delay.o(.data), (2 bytes).
    Removing mlx90640_api.o(.rev16_text), (4 bytes).
    Removing mlx90640_api.o(.revsh_text), (4 bytes).
    Removing mlx90640_api.o(.rrx_text), (6 bytes).
    Removing mlx90640_api.o(i.ExtractResolutionParameters), (14 bytes).
    Removing mlx90640_api.o(i.MLX90640_GetCurMode), (28 bytes).
    Removing mlx90640_api.o(i.MLX90640_GetCurResolution), (28 bytes).
    Removing mlx90640_api.o(i.MLX90640_GetImage), (668 bytes).
    Removing mlx90640_api.o(i.MLX90640_GetRefreshRate), (28 bytes).
    Removing mlx90640_api.o(i.MLX90640_GetSubPageNumber), (6 bytes).
    Removing mlx90640_api.o(i.MLX90640_SetInterleavedMode), (40 bytes).
    Removing mlx90640_api.o(i.MLX90640_SetResolution), (48 bytes).
    Removing mlx90640_swi2c_driver.o(.rev16_text), (4 bytes).
    Removing mlx90640_swi2c_driver.o(.revsh_text), (4 bytes).
    Removing mlx90640_swi2c_driver.o(.rrx_text), (6 bytes).
    Removing mlx90640_swi2c_driver.o(i.MLX90640_I2CFreqSet), (12 bytes).
    Removing mlx90640_swi2c_driver.o(i.MLX90640_I2CInit), (4 bytes).
    Removing loopback.o(i.loopback_tcpc), (224 bytes).
    Removing loopback.o(i.loopback_tcps), (184 bytes).
    Removing loopback.o(i.loopback_udps), (126 bytes).
    Removing loopback.o(.data), (2 bytes).
    Removing network.o(.rev16_text), (4 bytes).
    Removing network.o(.revsh_text), (4 bytes).
    Removing network.o(.rrx_text), (6 bytes).
    Removing network.o(i.network_ip_conflict), (2 bytes).
    Removing network.o(i.network_ip_update), (2 bytes).
    Removing socket.o(i.connect), (264 bytes).
    Removing socket.o(i.ctlsocket), (184 bytes).
    Removing socket.o(i.disconnect), (140 bytes).
    Removing socket.o(i.getsockopt), (252 bytes).
    Removing socket.o(i.listen), (112 bytes).
    Removing socket.o(i.recv), (228 bytes).
    Removing socket.o(i.recvfrom), (532 bytes).
    Removing socket.o(i.send), (284 bytes).
    Removing socket.o(i.setsockopt), (262 bytes).
    Removing w5500.o(i.getSn_RX_RSR), (76 bytes).
    Removing w5500.o(i.wiz_recv_data), (96 bytes).
    Removing w5500.o(i.wiz_recv_ignore), (66 bytes).
    Removing wizchip_conf.o(.rev16_text), (4 bytes).
    Removing wizchip_conf.o(.revsh_text), (4 bytes).
    Removing wizchip_conf.o(.rrx_text), (6 bytes).
    Removing wizchip_conf.o(i.ctlnetwork), (76 bytes).
    Removing wizchip_conf.o(i.ctlwizchip), (232 bytes).
    Removing wizchip_conf.o(i.reg_wizchip_bus_cbfunc), (44 bytes).
    Removing wizchip_conf.o(i.reg_wizchip_cris_cbfunc), (36 bytes).
    Removing wizchip_conf.o(i.reg_wizchip_cs_cbfunc), (36 bytes).
    Removing wizchip_conf.o(i.reg_wizchip_spi_cbfunc), (44 bytes).
    Removing wizchip_conf.o(i.reg_wizchip_spiburst_cbfunc), (44 bytes).
    Removing wizchip_conf.o(i.wizchip_bus_readdata), (4 bytes).
    Removing wizchip_conf.o(i.wizchip_bus_writedata), (4 bytes).
    Removing wizchip_conf.o(i.wizchip_clrinterrupt), (30 bytes).
    Removing wizchip_conf.o(i.wizchip_getinterrupt), (30 bytes).
    Removing wizchip_conf.o(i.wizchip_getinterruptmask), (28 bytes).
    Removing wizchip_conf.o(i.wizchip_getnetinfo), (88 bytes).
    Removing wizchip_conf.o(i.wizchip_getnetmode), (6 bytes).
    Removing wizchip_conf.o(i.wizchip_gettimeout), (40 bytes).
    Removing wizchip_conf.o(i.wizchip_setinterruptmask), (28 bytes).
    Removing wizchip_conf.o(i.wizchip_setnetinfo), (88 bytes).
    Removing wizchip_conf.o(i.wizchip_setnetmode), (36 bytes).
    Removing wizchip_conf.o(i.wizchip_settimeout), (40 bytes).
    Removing wizchip_conf.o(i.wizphy_getphyconf), (78 bytes).
    Removing wizchip_conf.o(i.wizphy_getphylink), (22 bytes).
    Removing wizchip_conf.o(i.wizphy_getphypmode), (26 bytes).
    Removing wizchip_conf.o(i.wizphy_getphystat), (26 bytes).
    Removing wizchip_conf.o(i.wizphy_reset), (42 bytes).
    Removing wizchip_conf.o(i.wizphy_setphyconf), (74 bytes).
    Removing wizchip_conf.o(i.wizphy_setphypmode), (80 bytes).
    Removing dneg.o(.text), (6 bytes).
    Removing cdcmple.o(.text), (48 bytes).

340 unused section(s) (total 28428 bytes) removed from the image.

==============================================================================

Image Symbol Table

    Local Symbols

    Symbol Name                              Value     Ov Type        Size  Object(Section)

    ../Drivers/STM32F4xx_HAL_Driver/Src/stm32f4xx_hal.c 0x00000000   Number         0  stm32f4xx_hal.o ABSOLUTE
    ../Drivers/STM32F4xx_HAL_Driver/Src/stm32f4xx_hal_cortex.c 0x00000000   Number         0  stm32f4xx_hal_cortex.o ABSOLUTE
    ../Drivers/STM32F4xx_HAL_Driver/Src/stm32f4xx_hal_dma.c 0x00000000   Number         0  stm32f4xx_hal_dma.o ABSOLUTE
    ../Drivers/STM32F4xx_HAL_Driver/Src/stm32f4xx_hal_dma_ex.c 0x00000000   Number         0  stm32f4xx_hal_dma_ex.o ABSOLUTE
    ../Drivers/STM32F4xx_HAL_Driver/Src/stm32f4xx_hal_exti.c 0x00000000   Number         0  stm32f4xx_hal_exti.o ABSOLUTE
    ../Drivers/STM32F4xx_HAL_Driver/Src/stm32f4xx_hal_flash.c 0x00000000   Number         0  stm32f4xx_hal_flash.o ABSOLUTE
    ../Drivers/STM32F4xx_HAL_Driver/Src/stm32f4xx_hal_flash_ex.c 0x00000000   Number         0  stm32f4xx_hal_flash_ex.o ABSOLUTE
    ../Drivers/STM32F4xx_HAL_Driver/Src/stm32f4xx_hal_flash_ramfunc.c 0x00000000   Number         0  stm32f4xx_hal_flash_ramfunc.o ABSOLUTE
    ../Drivers/STM32F4xx_HAL_Driver/Src/stm32f4xx_hal_gpio.c 0x00000000   Number         0  stm32f4xx_hal_gpio.o ABSOLUTE
    ../Drivers/STM32F4xx_HAL_Driver/Src/stm32f4xx_hal_pwr.c 0x00000000   Number         0  stm32f4xx_hal_pwr.o ABSOLUTE
    ../Drivers/STM32F4xx_HAL_Driver/Src/stm32f4xx_hal_pwr_ex.c 0x00000000   Number         0  stm32f4xx_hal_pwr_ex.o ABSOLUTE
    ../Drivers/STM32F4xx_HAL_Driver/Src/stm32f4xx_hal_rcc.c 0x00000000   Number         0  stm32f4xx_hal_rcc.o ABSOLUTE
    ../Drivers/STM32F4xx_HAL_Driver/Src/stm32f4xx_hal_rcc_ex.c 0x00000000   Number         0  stm32f4xx_hal_rcc_ex.o ABSOLUTE
    ../Drivers/STM32F4xx_HAL_Driver/Src/stm32f4xx_hal_spi.c 0x00000000   Number         0  stm32f4xx_hal_spi.o ABSOLUTE
    ../Drivers/STM32F4xx_HAL_Driver/Src/stm32f4xx_hal_tim.c 0x00000000   Number         0  stm32f4xx_hal_tim.o ABSOLUTE
    ../Drivers/STM32F4xx_HAL_Driver/Src/stm32f4xx_hal_tim_ex.c 0x00000000   Number         0  stm32f4xx_hal_tim_ex.o ABSOLUTE
    ../Src/gpio.c                            0x00000000   Number         0  gpio.o ABSOLUTE
    ../Src/main.c                            0x00000000   Number         0  main.o ABSOLUTE
    ../Src/spi.c                             0x00000000   Number         0  spi.o ABSOLUTE
    ../Src/stm32f4xx_hal_msp.c               0x00000000   Number         0  stm32f4xx_hal_msp.o ABSOLUTE
    ../Src/stm32f4xx_it.c                    0x00000000   Number         0  stm32f4xx_it.o ABSOLUTE
    ../Src/system_stm32f4xx.c                0x00000000   Number         0  system_stm32f4xx.o ABSOLUTE
    ../clib/microlib/division.c              0x00000000   Number         0  uldiv.o ABSOLUTE
    ../clib/microlib/errno.c                 0x00000000   Number         0  errno.o ABSOLUTE
    ../clib/microlib/init/entry.s            0x00000000   Number         0  entry2.o ABSOLUTE
    ../clib/microlib/init/entry.s            0x00000000   Number         0  entry.o ABSOLUTE
    ../clib/microlib/init/entry.s            0x00000000   Number         0  entry7a.o ABSOLUTE
    ../clib/microlib/init/entry.s            0x00000000   Number         0  entry7b.o ABSOLUTE
    ../clib/microlib/init/entry.s            0x00000000   Number         0  entry8a.o ABSOLUTE
    ../clib/microlib/init/entry.s            0x00000000   Number         0  entry9a.o ABSOLUTE
    ../clib/microlib/init/entry.s            0x00000000   Number         0  entry9b.o ABSOLUTE
    ../clib/microlib/init/entry.s            0x00000000   Number         0  entry10a.o ABSOLUTE
    ../clib/microlib/init/entry.s            0x00000000   Number         0  entry10b.o ABSOLUTE
    ../clib/microlib/init/entry.s            0x00000000   Number         0  entry11a.o ABSOLUTE
    ../clib/microlib/init/entry.s            0x00000000   Number         0  entry11b.o ABSOLUTE
    ../clib/microlib/init/entry.s            0x00000000   Number         0  entry5.o ABSOLUTE
    ../clib/microlib/init/entry.s            0x00000000   Number         0  entry8b.o ABSOLUTE
    ../clib/microlib/longlong.c              0x00000000   Number         0  llushr.o ABSOLUTE
    ../clib/microlib/longlong.c              0x00000000   Number         0  llsshr.o ABSOLUTE
    ../clib/microlib/longlong.c              0x00000000   Number         0  llshl.o ABSOLUTE
    ../clib/microlib/string/memset.c         0x00000000   Number         0  memseta.o ABSOLUTE
    ../clib/microlib/stubs.s                 0x00000000   Number         0  iusefp.o ABSOLUTE
    ../fplib/microlib/d2f.c                  0x00000000   Number         0  d2f.o ABSOLUTE
    ../fplib/microlib/f2d.c                  0x00000000   Number         0  f2d.o ABSOLUTE
    ../fplib/microlib/fpadd.c                0x00000000   Number         0  dadd.o ABSOLUTE
    ../fplib/microlib/fpdiv.c                0x00000000   Number         0  ddiv.o ABSOLUTE
    ../fplib/microlib/fpepilogue.c           0x00000000   Number         0  fepilogue.o ABSOLUTE
    ../fplib/microlib/fpepilogue.c           0x00000000   Number         0  depilogue.o ABSOLUTE
    ../fplib/microlib/fpflt.c                0x00000000   Number         0  dflti.o ABSOLUTE
    ../fplib/microlib/fpflt.c                0x00000000   Number         0  dfltui.o ABSOLUTE
    ../fplib/microlib/fpmul.c                0x00000000   Number         0  dmul.o ABSOLUTE
    ../fplib/microlib/fpneg.c                0x00000000   Number         0  dneg.o ABSOLUTE
    ../fplib/microlib/fpscalb.c              0x00000000   Number         0  dscalb.o ABSOLUTE
    ../fplib/microlib/fpsqrt.c               0x00000000   Number         0  dsqrt.o ABSOLUTE
    ../mathlib/dunder.c                      0x00000000   Number         0  dunder.o ABSOLUTE
    ../mathlib/fabs.c                        0x00000000   Number         0  fabs.o ABSOLUTE
    ../mathlib/fpclassify.c                  0x00000000   Number         0  fpclassify.o ABSOLUTE
    ../mathlib/poly.c                        0x00000000   Number         0  poly.o ABSOLUTE
    ../mathlib/pow.c                         0x00000000   Number         0  pow_x.o ABSOLUTE
    ../mathlib/pow.c                         0x00000000   Number         0  pow.o ABSOLUTE
    ../mathlib/qnan.c                        0x00000000   Number         0  qnan.o ABSOLUTE
    ../mathlib/sqrt.c                        0x00000000   Number         0  sqrt_x.o ABSOLUTE
    ../mathlib/sqrt.c                        0x00000000   Number         0  sqrt.o ABSOLUTE
    ..\Drivers\STM32F4xx_HAL_Driver\Src\stm32f4xx_hal.c 0x00000000   Number         0  stm32f4xx_hal.o ABSOLUTE
    ..\Drivers\STM32F4xx_HAL_Driver\Src\stm32f4xx_hal_cortex.c 0x00000000   Number         0  stm32f4xx_hal_cortex.o ABSOLUTE
    ..\Drivers\STM32F4xx_HAL_Driver\Src\stm32f4xx_hal_dma.c 0x00000000   Number         0  stm32f4xx_hal_dma.o ABSOLUTE
    ..\Drivers\STM32F4xx_HAL_Driver\Src\stm32f4xx_hal_dma_ex.c 0x00000000   Number         0  stm32f4xx_hal_dma_ex.o ABSOLUTE
    ..\Drivers\STM32F4xx_HAL_Driver\Src\stm32f4xx_hal_exti.c 0x00000000   Number         0  stm32f4xx_hal_exti.o ABSOLUTE
    ..\Drivers\STM32F4xx_HAL_Driver\Src\stm32f4xx_hal_flash.c 0x00000000   Number         0  stm32f4xx_hal_flash.o ABSOLUTE
    ..\Drivers\STM32F4xx_HAL_Driver\Src\stm32f4xx_hal_flash_ex.c 0x00000000   Number         0  stm32f4xx_hal_flash_ex.o ABSOLUTE
    ..\Drivers\STM32F4xx_HAL_Driver\Src\stm32f4xx_hal_flash_ramfunc.c 0x00000000   Number         0  stm32f4xx_hal_flash_ramfunc.o ABSOLUTE
    ..\Drivers\STM32F4xx_HAL_Driver\Src\stm32f4xx_hal_gpio.c 0x00000000   Number         0  stm32f4xx_hal_gpio.o ABSOLUTE
    ..\Drivers\STM32F4xx_HAL_Driver\Src\stm32f4xx_hal_pwr.c 0x00000000   Number         0  stm32f4xx_hal_pwr.o ABSOLUTE
    ..\Drivers\STM32F4xx_HAL_Driver\Src\stm32f4xx_hal_pwr_ex.c 0x00000000   Number         0  stm32f4xx_hal_pwr_ex.o ABSOLUTE
    ..\Drivers\STM32F4xx_HAL_Driver\Src\stm32f4xx_hal_rcc.c 0x00000000   Number         0  stm32f4xx_hal_rcc.o ABSOLUTE
    ..\Drivers\STM32F4xx_HAL_Driver\Src\stm32f4xx_hal_rcc_ex.c 0x00000000   Number         0  stm32f4xx_hal_rcc_ex.o ABSOLUTE
    ..\Drivers\STM32F4xx_HAL_Driver\Src\stm32f4xx_hal_spi.c 0x00000000   Number         0  stm32f4xx_hal_spi.o ABSOLUTE
    ..\Drivers\STM32F4xx_HAL_Driver\Src\stm32f4xx_hal_tim.c 0x00000000   Number         0  stm32f4xx_hal_tim.o ABSOLUTE
    ..\Drivers\STM32F4xx_HAL_Driver\Src\stm32f4xx_hal_tim_ex.c 0x00000000   Number         0  stm32f4xx_hal_tim_ex.o ABSOLUTE
    ..\Ethernet\loopback.c                   0x00000000   Number         0  loopback.o ABSOLUTE
    ..\Ethernet\network.c                    0x00000000   Number         0  network.o ABSOLUTE
    ..\Ethernet\socket.c                     0x00000000   Number         0  socket.o ABSOLUTE
    ..\Ethernet\w5500.c                      0x00000000   Number         0  w5500.o ABSOLUTE
    ..\Ethernet\wizchip_conf.c               0x00000000   Number         0  wizchip_conf.o ABSOLUTE
    ..\MLX90640_Drivers\MLX90640_API.c       0x00000000   Number         0  mlx90640_api.o ABSOLUTE
    ..\MLX90640_Drivers\MLX90640_SWI2C_Driver.c 0x00000000   Number         0  mlx90640_swi2c_driver.o ABSOLUTE
    ..\MLX90640_Drivers\delay.c              0x00000000   Number         0  delay.o ABSOLUTE
    ..\Src\gpio.c                            0x00000000   Number         0  gpio.o ABSOLUTE
    ..\Src\main.c                            0x00000000   Number         0  main.o ABSOLUTE
    ..\Src\spi.c                             0x00000000   Number         0  spi.o ABSOLUTE
    ..\Src\stm32f4xx_hal_msp.c               0x00000000   Number         0  stm32f4xx_hal_msp.o ABSOLUTE
    ..\Src\stm32f4xx_it.c                    0x00000000   Number         0  stm32f4xx_it.o ABSOLUTE
    ..\Src\system_stm32f4xx.c                0x00000000   Number         0  system_stm32f4xx.o ABSOLUTE
    ..\\Ethernet\\network.c                  0x00000000   Number         0  network.o ABSOLUTE
    ..\\Ethernet\\wizchip_conf.c             0x00000000   Number         0  wizchip_conf.o ABSOLUTE
    ..\\MLX90640_Drivers\\MLX90640_API.c     0x00000000   Number         0  mlx90640_api.o ABSOLUTE
    ..\\MLX90640_Drivers\\MLX90640_SWI2C_Driver.c 0x00000000   Number         0  mlx90640_swi2c_driver.o ABSOLUTE
    ..\\MLX90640_Drivers\\delay.c            0x00000000   Number         0  delay.o ABSOLUTE
    cdcmple.s                                0x00000000   Number         0  cdcmple.o ABSOLUTE
    cdrcmple.s                               0x00000000   Number         0  cdrcmple.o ABSOLUTE
    dc.s                                     0x00000000   Number         0  dc.o ABSOLUTE
    handlers.s                               0x00000000   Number         0  handlers.o ABSOLUTE
    init.s                                   0x00000000   Number         0  init.o ABSOLUTE
    startup_stm32f401xc.s                    0x00000000   Number         0  startup_stm32f401xc.o ABSOLUTE
    RESET                                    0x08000000   Section      404  startup_stm32f401xc.o(RESET)
    .ARM.Collect$$$$00000000                 0x08000194   Section        0  entry.o(.ARM.Collect$$$$00000000)
    .ARM.Collect$$$$00000001                 0x08000194   Section        4  entry2.o(.ARM.Collect$$$$00000001)
    .ARM.Collect$$$$00000004                 0x08000198   Section        4  entry5.o(.ARM.Collect$$$$00000004)
    .ARM.Collect$$$$00000008                 0x0800019c   Section        0  entry7b.o(.ARM.Collect$$$$00000008)
    .ARM.Collect$$$$0000000A                 0x0800019c   Section        0  entry8b.o(.ARM.Collect$$$$0000000A)
    .ARM.Collect$$$$0000000B                 0x0800019c   Section        8  entry9a.o(.ARM.Collect$$$$0000000B)
    .ARM.Collect$$$$0000000D                 0x080001a4   Section        0  entry10a.o(.ARM.Collect$$$$0000000D)
    .ARM.Collect$$$$0000000F                 0x080001a4   Section        0  entry11a.o(.ARM.Collect$$$$0000000F)
    .ARM.Collect$$$$00002712                 0x080001a4   Section        4  entry2.o(.ARM.Collect$$$$00002712)
    __lit__00000000                          0x080001a4   Data           4  entry2.o(.ARM.Collect$$$$00002712)
    .text                                    0x080001a8   Section       36  startup_stm32f401xc.o(.text)
    $v0                                      0x080001a8   Number         0  startup_stm32f401xc.o(.text)
    .text                                    0x080001cc   Section        0  uldiv.o(.text)
    .text                                    0x0800022e   Section        0  memseta.o(.text)
    .text                                    0x08000252   Section        0  dadd.o(.text)
    .text                                    0x080003a0   Section        0  dmul.o(.text)
    .text                                    0x08000484   Section        0  ddiv.o(.text)
    .text                                    0x08000562   Section        0  dflti.o(.text)
    .text                                    0x08000584   Section        0  dfltui.o(.text)
    .text                                    0x0800059e   Section        0  f2d.o(.text)
    .text                                    0x080005c4   Section        0  d2f.o(.text)
    .text                                    0x080005fc   Section        0  llshl.o(.text)
    .text                                    0x0800061a   Section        0  llushr.o(.text)
    .text                                    0x0800063a   Section        0  llsshr.o(.text)
    .text                                    0x0800065e   Section        0  fepilogue.o(.text)
    .text                                    0x0800065e   Section        0  iusefp.o(.text)
    .text                                    0x080006cc   Section        0  depilogue.o(.text)
    .text                                    0x08000786   Section        0  dscalb.o(.text)
    .text                                    0x080007b4   Section        0  dsqrt.o(.text)
    .text                                    0x08000858   Section       48  cdrcmple.o(.text)
    .text                                    0x08000888   Section       36  init.o(.text)
    RAMCODE                                  0x080008ac   Section        0  mlx90640_api.o(RAMCODE)
    i.BusFault_Handler                       0x08000da8   Section        0  stm32f4xx_it.o(i.BusFault_Handler)
    i.CheckAdjacentPixels                    0x08000daa   Section        0  mlx90640_api.o(i.CheckAdjacentPixels)
    i.CheckEEPROMValid                       0x08000dc8   Section        0  mlx90640_api.o(i.CheckEEPROMValid)
    i.DebugMon_Handler                       0x08000dd6   Section        0  stm32f4xx_it.o(i.DebugMon_Handler)
    i.Delay_Init                             0x08000dd8   Section        0  delay.o(i.Delay_Init)
    i.Error_Handler                          0x08000e0c   Section        0  main.o(i.Error_Handler)
    i.ExtractAlphaParameters                 0x08000e10   Section        0  mlx90640_api.o(i.ExtractAlphaParameters)
    i.ExtractCILCParameters                  0x08000fa4   Section        0  mlx90640_api.o(i.ExtractCILCParameters)
    i.ExtractCPParameters                    0x0800104c   Section        0  mlx90640_api.o(i.ExtractCPParameters)
    i.ExtractDeviatingPixels                 0x08001224   Section        0  mlx90640_api.o(i.ExtractDeviatingPixels)
    i.ExtractGainParameters                  0x08001364   Section        0  mlx90640_api.o(i.ExtractGainParameters)
    i.ExtractKsTaParameters                  0x08001374   Section        0  mlx90640_api.o(i.ExtractKsTaParameters)
    i.ExtractKsToParameters                  0x080013b0   Section        0  mlx90640_api.o(i.ExtractKsToParameters)
    i.ExtractKtaPixelParameters              0x08001478   Section        0  mlx90640_api.o(i.ExtractKtaPixelParameters)
    i.ExtractKvPixelParameters               0x080015c8   Section        0  mlx90640_api.o(i.ExtractKvPixelParameters)
    i.ExtractOffsetParameters                0x080016b4   Section        0  mlx90640_api.o(i.ExtractOffsetParameters)
    i.ExtractPTATParameters                  0x080017bc   Section        0  mlx90640_api.o(i.ExtractPTATParameters)
    i.ExtractTgcParameters                   0x0800188c   Section        0  mlx90640_api.o(i.ExtractTgcParameters)
    i.ExtractVDDParameters                   0x080018c4   Section        0  mlx90640_api.o(i.ExtractVDDParameters)
    i.HAL_Delay                              0x080018e4   Section        0  stm32f4xx_hal.o(i.HAL_Delay)
    i.HAL_GPIO_Init                          0x08001908   Section        0  stm32f4xx_hal_gpio.o(i.HAL_GPIO_Init)
    i.HAL_GPIO_WritePin                      0x08001a90   Section        0  stm32f4xx_hal_gpio.o(i.HAL_GPIO_WritePin)
    i.HAL_GetTick                            0x08001a9c   Section        0  stm32f4xx_hal.o(i.HAL_GetTick)
    i.HAL_IncTick                            0x08001aa8   Section        0  stm32f4xx_hal.o(i.HAL_IncTick)
    i.HAL_Init                               0x08001ab8   Section        0  stm32f4xx_hal.o(i.HAL_Init)
    i.HAL_InitTick                           0x08001aec   Section        0  stm32f4xx_hal.o(i.HAL_InitTick)
    i.HAL_MspInit                            0x08001b2c   Section        0  stm32f4xx_hal_msp.o(i.HAL_MspInit)
    i.HAL_NVIC_SetPriority                   0x08001b5c   Section        0  stm32f4xx_hal_cortex.o(i.HAL_NVIC_SetPriority)
    i.HAL_NVIC_SetPriorityGrouping           0x08001b9c   Section        0  stm32f4xx_hal_cortex.o(i.HAL_NVIC_SetPriorityGrouping)
    i.HAL_RCC_ClockConfig                    0x08001bc0   Section        0  stm32f4xx_hal_rcc.o(i.HAL_RCC_ClockConfig)
    i.HAL_RCC_GetSysClockFreq                0x08001cf0   Section        0  stm32f4xx_hal_rcc.o(i.HAL_RCC_GetSysClockFreq)
    i.HAL_RCC_OscConfig                      0x08001d54   Section        0  stm32f4xx_hal_rcc.o(i.HAL_RCC_OscConfig)
    i.HAL_SPI_Init                           0x08002070   Section        0  stm32f4xx_hal_spi.o(i.HAL_SPI_Init)
    i.HAL_SPI_MspInit                        0x080020f0   Section        0  spi.o(i.HAL_SPI_MspInit)
    i.HAL_SPI_TransmitReceive                0x08002180   Section        0  stm32f4xx_hal_spi.o(i.HAL_SPI_TransmitReceive)
    i.HAL_SYSTICK_Config                     0x08002362   Section        0  stm32f4xx_hal_cortex.o(i.HAL_SYSTICK_Config)
    i.HardFault_Handler                      0x0800238a   Section        0  stm32f4xx_it.o(i.HardFault_Handler)
    i.I2CReadBytes                           0x0800238c   Section        0  mlx90640_swi2c_driver.o(i.I2CReadBytes)
    i.I2CReceiveAck                          0x08002430   Section        0  mlx90640_swi2c_driver.o(i.I2CReceiveAck)
    i.I2CRepeatedStart                       0x08002488   Section        0  mlx90640_swi2c_driver.o(i.I2CRepeatedStart)
    i.I2CSendACK                             0x080024d0   Section        0  mlx90640_swi2c_driver.o(i.I2CSendACK)
    i.I2CSendByte                            0x08002518   Section        0  mlx90640_swi2c_driver.o(i.I2CSendByte)
    i.I2CSendNack                            0x08002584   Section        0  mlx90640_swi2c_driver.o(i.I2CSendNack)
    i.I2CStart                               0x080025c8   Section        0  mlx90640_swi2c_driver.o(i.I2CStart)
    i.I2CStop                                0x08002614   Section        0  mlx90640_swi2c_driver.o(i.I2CStop)
    i.MLX90640_DumpEE                        0x08002658   Section        0  mlx90640_api.o(i.MLX90640_DumpEE)
    i.MLX90640_ExtractParameters             0x08002666   Section        0  mlx90640_api.o(i.MLX90640_ExtractParameters)
    i.MLX90640_GetFrameData                  0x080026ee   Section        0  mlx90640_api.o(i.MLX90640_GetFrameData)
    i.MLX90640_GetTa                         0x08002798   Section        0  mlx90640_api.o(i.MLX90640_GetTa)
    i.MLX90640_GetVdd                        0x08002870   Section        0  mlx90640_api.o(i.MLX90640_GetVdd)
    i.MLX90640_I2CRead                       0x08002934   Section        0  mlx90640_swi2c_driver.o(i.MLX90640_I2CRead)
    i.MLX90640_I2CWrite                      0x080029ec   Section        0  mlx90640_swi2c_driver.o(i.MLX90640_I2CWrite)
    i.MLX90640_SetChessMode                  0x08002a70   Section        0  mlx90640_api.o(i.MLX90640_SetChessMode)
    i.MLX90640_SetRefreshRate                0x08002a98   Section        0  mlx90640_api.o(i.MLX90640_SetRefreshRate)
    i.MX_GPIO_Init                           0x08002ac8   Section        0  gpio.o(i.MX_GPIO_Init)
    i.MX_SPI2_Init                           0x08002bc4   Section        0  spi.o(i.MX_SPI2_Init)
    i.MemManage_Handler                      0x08002c08   Section        0  stm32f4xx_it.o(i.MemManage_Handler)
    i.NMI_Handler                            0x08002c0a   Section        0  stm32f4xx_it.o(i.NMI_Handler)
    i.PendSV_Handler                         0x08002c0c   Section        0  stm32f4xx_it.o(i.PendSV_Handler)
    i.SPI_EndRxTxTransaction                 0x08002c0e   Section        0  stm32f4xx_hal_spi.o(i.SPI_EndRxTxTransaction)
    SPI_EndRxTxTransaction                   0x08002c0f   Thumb Code    32  stm32f4xx_hal_spi.o(i.SPI_EndRxTxTransaction)
    i.SPI_WaitFlagStateUntilTimeout          0x08002c2e   Section        0  stm32f4xx_hal_spi.o(i.SPI_WaitFlagStateUntilTimeout)
    SPI_WaitFlagStateUntilTimeout            0x08002c2f   Thumb Code   148  stm32f4xx_hal_spi.o(i.SPI_WaitFlagStateUntilTimeout)
    i.SVC_Handler                            0x08002cc2   Section        0  stm32f4xx_it.o(i.SVC_Handler)
    i.SysTick_Handler                        0x08002cc4   Section        0  stm32f4xx_it.o(i.SysTick_Handler)
    i.SystemClock_Config                     0x08002cc8   Section        0  main.o(i.SystemClock_Config)
    i.SystemInit                             0x08002d4c   Section        0  system_stm32f4xx.o(i.SystemInit)
    i.UsageFault_Handler                     0x08002da0   Section        0  stm32f4xx_it.o(i.UsageFault_Handler)
    i.WIZCHIP_READ                           0x08002da4   Section        0  w5500.o(i.WIZCHIP_READ)
    i.WIZCHIP_READ_BUF                       0x08002dfc   Section        0  w5500.o(i.WIZCHIP_READ_BUF)
    i.WIZCHIP_WRITE                          0x08002e70   Section        0  w5500.o(i.WIZCHIP_WRITE)
    i.WIZCHIP_WRITE_BUF                      0x08002ed0   Section        0  w5500.o(i.WIZCHIP_WRITE_BUF)
    i.Wait                                   0x08002f40   Section        0  mlx90640_swi2c_driver.o(i.Wait)
    i.__ARM_fpclassify                       0x08002f4c   Section        0  fpclassify.o(i.__ARM_fpclassify)
    i.__NVIC_SetPriority                     0x08002f7c   Section        0  stm32f4xx_hal_cortex.o(i.__NVIC_SetPriority)
    __NVIC_SetPriority                       0x08002f7d   Thumb Code    32  stm32f4xx_hal_cortex.o(i.__NVIC_SetPriority)
    i.__hardfp_pow                           0x08002fa0   Section        0  pow.o(i.__hardfp_pow)
    i.__hardfp_sqrt                          0x08003bf0   Section        0  sqrt.o(i.__hardfp_sqrt)
    i.__kernel_poly                          0x08003c6a   Section        0  poly.o(i.__kernel_poly)
    i.__mathlib_dbl_divzero                  0x08003d68   Section        0  dunder.o(i.__mathlib_dbl_divzero)
    i.__mathlib_dbl_infnan2                  0x08003d98   Section        0  dunder.o(i.__mathlib_dbl_infnan2)
    i.__mathlib_dbl_invalid                  0x08003db0   Section        0  dunder.o(i.__mathlib_dbl_invalid)
    i.__mathlib_dbl_overflow                 0x08003dd0   Section        0  dunder.o(i.__mathlib_dbl_overflow)
    i.__mathlib_dbl_underflow                0x08003df0   Section        0  dunder.o(i.__mathlib_dbl_underflow)
    i.__scatterload_copy                     0x08003e10   Section       14  handlers.o(i.__scatterload_copy)
    i.__scatterload_null                     0x08003e1e   Section        2  handlers.o(i.__scatterload_null)
    i.__scatterload_zeroinit                 0x08003e20   Section       14  handlers.o(i.__scatterload_zeroinit)
    i.__set_errno                            0x08003e30   Section        0  errno.o(i.__set_errno)
    i.close                                  0x08003e3c   Section        0  socket.o(i.close)
    i.delay_ms                               0x08003eb0   Section        0  delay.o(i.delay_ms)
    i.fabs                                   0x08003ee0   Section        0  fabs.o(i.fabs)
    i.getSn_TX_FSR                           0x08003ef8   Section        0  w5500.o(i.getSn_TX_FSR)
    i.main                                   0x08003f44   Section        0  main.o(i.main)
    i.network_init                           0x08004040   Section        0  network.o(i.network_init)
    i.sendto                                 0x08004120   Section        0  socket.o(i.sendto)
    i.socket                                 0x080042a0   Section        0  socket.o(i.socket)
    i.sqrt                                   0x080043bc   Section        0  sqrt.o(i.sqrt)
    i.wiz_send_data                          0x0800442a   Section        0  w5500.o(i.wiz_send_data)
    i.wizchip_cris_enter                     0x0800448a   Section        0  wizchip_conf.o(i.wizchip_cris_enter)
    i.wizchip_cris_exit                      0x0800448c   Section        0  wizchip_conf.o(i.wizchip_cris_exit)
    i.wizchip_cs_deselect                    0x08004490   Section        0  wizchip_conf.o(i.wizchip_cs_deselect)
    i.wizchip_cs_select                      0x080044a0   Section        0  wizchip_conf.o(i.wizchip_cs_select)
    i.wizchip_init                           0x080044b0   Section        0  wizchip_conf.o(i.wizchip_init)
    i.wizchip_spi_readburst                  0x0800452c   Section        0  wizchip_conf.o(i.wizchip_spi_readburst)
    i.wizchip_spi_readbyte                   0x08004548   Section        0  wizchip_conf.o(i.wizchip_spi_readbyte)
    i.wizchip_spi_writeburst                 0x0800456c   Section        0  wizchip_conf.o(i.wizchip_spi_writeburst)
    i.wizchip_spi_writebyte                  0x08004588   Section        0  wizchip_conf.o(i.wizchip_spi_writebyte)
    i.wizchip_sw_reset                       0x080045a4   Section        0  wizchip_conf.o(i.wizchip_sw_reset)
    .constdata                               0x08004618   Section       16  system_stm32f4xx.o(.constdata)
    .constdata                               0x08004628   Section      136  pow.o(.constdata)
    bp                                       0x08004628   Data          16  pow.o(.constdata)
    dp_h                                     0x08004638   Data          16  pow.o(.constdata)
    dp_l                                     0x08004648   Data          16  pow.o(.constdata)
    L                                        0x08004658   Data          48  pow.o(.constdata)
    P                                        0x08004688   Data          40  pow.o(.constdata)
    .constdata                               0x080046b0   Section        8  qnan.o(.constdata)
    .data                                    0x20000000   Section       12  stm32f4xx_hal.o(.data)
    .data                                    0x2000000c   Section        4  system_stm32f4xx.o(.data)
    .data                                    0x20000010   Section        4  delay.o(.data)
    .data                                    0x20000014   Section        8  mlx90640_swi2c_driver.o(.data)
    dataCheck                                0x20000014   Data           2  mlx90640_swi2c_driver.o(.data)
    freqCnt                                  0x20000018   Data           4  mlx90640_swi2c_driver.o(.data)
    .data                                    0x2000001c   Section       14  socket.o(.data)
    sock_any_port                            0x2000001c   Data           2  socket.o(.data)
    sock_io_mode                             0x2000001e   Data           2  socket.o(.data)
    sock_is_sending                          0x20000020   Data           2  socket.o(.data)
    .data                                    0x2000002c   Section       48  wizchip_conf.o(.data)
    _DHCP_                                   0x2000002c   Data           1  wizchip_conf.o(.data)
    _DNS_                                    0x2000002d   Data           4  wizchip_conf.o(.data)
    .data                                    0x2000005c   Section        4  errno.o(.data)
    _errno                                   0x2000005c   Data           4  errno.o(.data)
    .bss                                     0x20000060   Section     4736  main.o(.bss)
    eeMLX90640                               0x20000060   Data        1664  main.o(.bss)
    mlx90640To                               0x200006e0   Data        3072  main.o(.bss)
    .bss                                     0x200012e0   Section       88  spi.o(.bss)
    .bss                                     0x20001338   Section     1188  network.o(.bss)
    .bss                                     0x200017dc   Section       16  socket.o(.bss)
    sock_remained_size                       0x200017dc   Data          16  socket.o(.bss)
    .bss                                     0x200017ec   Section     4096  wizchip_conf.o(.bss)
    STACK                                    0x200027f0   Section    20480  startup_stm32f401xc.o(STACK)

    Global Symbols

    Symbol Name                              Value     Ov Type        Size  Object(Section)

    BuildAttributes$$THM_ISAv4$E$P$D$K$B$S$7EM$VFPi3$EXTD16$VFPS$VFMA$PE$A:L22UL41UL21$X:L11$S22US41US21$IEEE1$IW$USESV6$~STKCKD$USESV7$~SHL$OTIME$ROPI$IEEEX$EBA8$MICROLIB$REQ8$PRES8$EABIv2 0x00000000   Number         0  anon$$obj.o ABSOLUTE
    __ARM_use_no_argv                        0x00000000   Number         0  main.o ABSOLUTE
    __cpp_initialize__aeabi_                  - Undefined Weak Reference
    __cxa_finalize                            - Undefined Weak Reference
    __decompress                              - Undefined Weak Reference
    _clock_init                               - Undefined Weak Reference
    _microlib_exit                            - Undefined Weak Reference
    __Vectors_Size                           0x00000194   Number         0  startup_stm32f401xc.o ABSOLUTE
    __Vectors                                0x08000000   Data           4  startup_stm32f401xc.o(RESET)
    __Vectors_End                            0x08000194   Data           0  startup_stm32f401xc.o(RESET)
    __main                                   0x08000195   Thumb Code     0  entry.o(.ARM.Collect$$$$00000000)
    _main_stk                                0x08000195   Thumb Code     0  entry2.o(.ARM.Collect$$$$00000001)
    _main_scatterload                        0x08000199   Thumb Code     0  entry5.o(.ARM.Collect$$$$00000004)
    __main_after_scatterload                 0x0800019d   Thumb Code     0  entry5.o(.ARM.Collect$$$$00000004)
    _main_clock                              0x0800019d   Thumb Code     0  entry7b.o(.ARM.Collect$$$$00000008)
    _main_cpp_init                           0x0800019d   Thumb Code     0  entry8b.o(.ARM.Collect$$$$0000000A)
    _main_init                               0x0800019d   Thumb Code     0  entry9a.o(.ARM.Collect$$$$0000000B)
    __rt_final_cpp                           0x080001a5   Thumb Code     0  entry10a.o(.ARM.Collect$$$$0000000D)
    __rt_final_exit                          0x080001a5   Thumb Code     0  entry11a.o(.ARM.Collect$$$$0000000F)
    Reset_Handler                            0x080001a9   Thumb Code     8  startup_stm32f401xc.o(.text)
    ADC_IRQHandler                           0x080001c3   Thumb Code     0  startup_stm32f401xc.o(.text)
    DMA1_Stream0_IRQHandler                  0x080001c3   Thumb Code     0  startup_stm32f401xc.o(.text)
    DMA1_Stream1_IRQHandler                  0x080001c3   Thumb Code     0  startup_stm32f401xc.o(.text)
    DMA1_Stream2_IRQHandler                  0x080001c3   Thumb Code     0  startup_stm32f401xc.o(.text)
    DMA1_Stream3_IRQHandler                  0x080001c3   Thumb Code     0  startup_stm32f401xc.o(.text)
    DMA1_Stream4_IRQHandler                  0x080001c3   Thumb Code     0  startup_stm32f401xc.o(.text)
    DMA1_Stream5_IRQHandler                  0x080001c3   Thumb Code     0  startup_stm32f401xc.o(.text)
    DMA1_Stream6_IRQHandler                  0x080001c3   Thumb Code     0  startup_stm32f401xc.o(.text)
    DMA1_Stream7_IRQHandler                  0x080001c3   Thumb Code     0  startup_stm32f401xc.o(.text)
    DMA2_Stream0_IRQHandler                  0x080001c3   Thumb Code     0  startup_stm32f401xc.o(.text)
    DMA2_Stream1_IRQHandler                  0x080001c3   Thumb Code     0  startup_stm32f401xc.o(.text)
    DMA2_Stream2_IRQHandler                  0x080001c3   Thumb Code     0  startup_stm32f401xc.o(.text)
    DMA2_Stream3_IRQHandler                  0x080001c3   Thumb Code     0  startup_stm32f401xc.o(.text)
    DMA2_Stream4_IRQHandler                  0x080001c3   Thumb Code     0  startup_stm32f401xc.o(.text)
    DMA2_Stream5_IRQHandler                  0x080001c3   Thumb Code     0  startup_stm32f401xc.o(.text)
    DMA2_Stream6_IRQHandler                  0x080001c3   Thumb Code     0  startup_stm32f401xc.o(.text)
    DMA2_Stream7_IRQHandler                  0x080001c3   Thumb Code     0  startup_stm32f401xc.o(.text)
    EXTI0_IRQHandler                         0x080001c3   Thumb Code     0  startup_stm32f401xc.o(.text)
    EXTI15_10_IRQHandler                     0x080001c3   Thumb Code     0  startup_stm32f401xc.o(.text)
    EXTI1_IRQHandler                         0x080001c3   Thumb Code     0  startup_stm32f401xc.o(.text)
    EXTI2_IRQHandler                         0x080001c3   Thumb Code     0  startup_stm32f401xc.o(.text)
    EXTI3_IRQHandler                         0x080001c3   Thumb Code     0  startup_stm32f401xc.o(.text)
    EXTI4_IRQHandler                         0x080001c3   Thumb Code     0  startup_stm32f401xc.o(.text)
    EXTI9_5_IRQHandler                       0x080001c3   Thumb Code     0  startup_stm32f401xc.o(.text)
    FLASH_IRQHandler                         0x080001c3   Thumb Code     0  startup_stm32f401xc.o(.text)
    FPU_IRQHandler                           0x080001c3   Thumb Code     0  startup_stm32f401xc.o(.text)
    I2C1_ER_IRQHandler                       0x080001c3   Thumb Code     0  startup_stm32f401xc.o(.text)
    I2C1_EV_IRQHandler                       0x080001c3   Thumb Code     0  startup_stm32f401xc.o(.text)
    I2C2_ER_IRQHandler                       0x080001c3   Thumb Code     0  startup_stm32f401xc.o(.text)
    I2C2_EV_IRQHandler                       0x080001c3   Thumb Code     0  startup_stm32f401xc.o(.text)
    I2C3_ER_IRQHandler                       0x080001c3   Thumb Code     0  startup_stm32f401xc.o(.text)
    I2C3_EV_IRQHandler                       0x080001c3   Thumb Code     0  startup_stm32f401xc.o(.text)
    OTG_FS_IRQHandler                        0x080001c3   Thumb Code     0  startup_stm32f401xc.o(.text)
    OTG_FS_WKUP_IRQHandler                   0x080001c3   Thumb Code     0  startup_stm32f401xc.o(.text)
    PVD_IRQHandler                           0x080001c3   Thumb Code     0  startup_stm32f401xc.o(.text)
    RCC_IRQHandler                           0x080001c3   Thumb Code     0  startup_stm32f401xc.o(.text)
    RTC_Alarm_IRQHandler                     0x080001c3   Thumb Code     0  startup_stm32f401xc.o(.text)
    RTC_WKUP_IRQHandler                      0x080001c3   Thumb Code     0  startup_stm32f401xc.o(.text)
    SDIO_IRQHandler                          0x080001c3   Thumb Code     0  startup_stm32f401xc.o(.text)
    SPI1_IRQHandler                          0x080001c3   Thumb Code     0  startup_stm32f401xc.o(.text)
    SPI2_IRQHandler                          0x080001c3   Thumb Code     0  startup_stm32f401xc.o(.text)
    SPI3_IRQHandler                          0x080001c3   Thumb Code     0  startup_stm32f401xc.o(.text)
    SPI4_IRQHandler                          0x080001c3   Thumb Code     0  startup_stm32f401xc.o(.text)
    TAMP_STAMP_IRQHandler                    0x080001c3   Thumb Code     0  startup_stm32f401xc.o(.text)
    TIM1_BRK_TIM9_IRQHandler                 0x080001c3   Thumb Code     0  startup_stm32f401xc.o(.text)
    TIM1_CC_IRQHandler                       0x080001c3   Thumb Code     0  startup_stm32f401xc.o(.text)
    TIM1_TRG_COM_TIM11_IRQHandler            0x080001c3   Thumb Code     0  startup_stm32f401xc.o(.text)
    TIM1_UP_TIM10_IRQHandler                 0x080001c3   Thumb Code     0  startup_stm32f401xc.o(.text)
    TIM2_IRQHandler                          0x080001c3   Thumb Code     0  startup_stm32f401xc.o(.text)
    TIM3_IRQHandler                          0x080001c3   Thumb Code     0  startup_stm32f401xc.o(.text)
    TIM4_IRQHandler                          0x080001c3   Thumb Code     0  startup_stm32f401xc.o(.text)
    TIM5_IRQHandler                          0x080001c3   Thumb Code     0  startup_stm32f401xc.o(.text)
    USART1_IRQHandler                        0x080001c3   Thumb Code     0  startup_stm32f401xc.o(.text)
    USART2_IRQHandler                        0x080001c3   Thumb Code     0  startup_stm32f401xc.o(.text)
    USART6_IRQHandler                        0x080001c3   Thumb Code     0  startup_stm32f401xc.o(.text)
    WWDG_IRQHandler                          0x080001c3   Thumb Code     0  startup_stm32f401xc.o(.text)
    __aeabi_uldivmod                         0x080001cd   Thumb Code    98  uldiv.o(.text)
    __aeabi_memset                           0x0800022f   Thumb Code    14  memseta.o(.text)
    __aeabi_memset4                          0x0800022f   Thumb Code     0  memseta.o(.text)
    __aeabi_memset8                          0x0800022f   Thumb Code     0  memseta.o(.text)
    __aeabi_memclr                           0x0800023d   Thumb Code     4  memseta.o(.text)
    __aeabi_memclr4                          0x0800023d   Thumb Code     0  memseta.o(.text)
    __aeabi_memclr8                          0x0800023d   Thumb Code     0  memseta.o(.text)
    _memset$wrapper                          0x08000241   Thumb Code    18  memseta.o(.text)
    __aeabi_dadd                             0x08000253   Thumb Code   322  dadd.o(.text)
    __aeabi_dsub                             0x08000395   Thumb Code     6  dadd.o(.text)
    __aeabi_drsub                            0x0800039b   Thumb Code     6  dadd.o(.text)
    __aeabi_dmul                             0x080003a1   Thumb Code   228  dmul.o(.text)
    __aeabi_ddiv                             0x08000485   Thumb Code   222  ddiv.o(.text)
    __aeabi_i2d                              0x08000563   Thumb Code    34  dflti.o(.text)
    __aeabi_ui2d                             0x08000585   Thumb Code    26  dfltui.o(.text)
    __aeabi_f2d                              0x0800059f   Thumb Code    38  f2d.o(.text)
    __aeabi_d2f                              0x080005c5   Thumb Code    56  d2f.o(.text)
    __aeabi_llsl                             0x080005fd   Thumb Code    30  llshl.o(.text)
    _ll_shift_l                              0x080005fd   Thumb Code     0  llshl.o(.text)
    __aeabi_llsr                             0x0800061b   Thumb Code    32  llushr.o(.text)
    _ll_ushift_r                             0x0800061b   Thumb Code     0  llushr.o(.text)
    __aeabi_lasr                             0x0800063b   Thumb Code    36  llsshr.o(.text)
    _ll_sshift_r                             0x0800063b   Thumb Code     0  llsshr.o(.text)
    __I$use$fp                               0x0800065f   Thumb Code     0  iusefp.o(.text)
    _float_round                             0x0800065f   Thumb Code    18  fepilogue.o(.text)
    _float_epilogue                          0x08000671   Thumb Code    92  fepilogue.o(.text)
    _double_round                            0x080006cd   Thumb Code    30  depilogue.o(.text)
    _double_epilogue                         0x080006eb   Thumb Code   156  depilogue.o(.text)
    __ARM_scalbn                             0x08000787   Thumb Code    46  dscalb.o(.text)
    scalbn                                   0x08000787   Thumb Code     0  dscalb.o(.text)
    _dsqrt                                   0x080007b5   Thumb Code   162  dsqrt.o(.text)
    __aeabi_cdrcmple                         0x08000859   Thumb Code    48  cdrcmple.o(.text)
    __scatterload                            0x08000889   Thumb Code    28  init.o(.text)
    __scatterload_rt2                        0x08000889   Thumb Code     0  init.o(.text)
    MLX90640_CalculateTo                     0x080008ad   Thumb Code  1266  mlx90640_api.o(RAMCODE)
    BusFault_Handler                         0x08000da9   Thumb Code     2  stm32f4xx_it.o(i.BusFault_Handler)
    CheckAdjacentPixels                      0x08000dab   Thumb Code    30  mlx90640_api.o(i.CheckAdjacentPixels)
    CheckEEPROMValid                         0x08000dc9   Thumb Code    14  mlx90640_api.o(i.CheckEEPROMValid)
    DebugMon_Handler                         0x08000dd7   Thumb Code     2  stm32f4xx_it.o(i.DebugMon_Handler)
    Delay_Init                               0x08000dd9   Thumb Code    46  delay.o(i.Delay_Init)
    Error_Handler                            0x08000e0d   Thumb Code     2  main.o(i.Error_Handler)
    ExtractAlphaParameters                   0x08000e11   Thumb Code   386  mlx90640_api.o(i.ExtractAlphaParameters)
    ExtractCILCParameters                    0x08000fa5   Thumb Code   146  mlx90640_api.o(i.ExtractCILCParameters)
    ExtractCPParameters                      0x0800104d   Thumb Code   434  mlx90640_api.o(i.ExtractCPParameters)
    ExtractDeviatingPixels                   0x08001225   Thumb Code   320  mlx90640_api.o(i.ExtractDeviatingPixels)
    ExtractGainParameters                    0x08001365   Thumb Code    16  mlx90640_api.o(i.ExtractGainParameters)
    ExtractKsTaParameters                    0x08001375   Thumb Code    46  mlx90640_api.o(i.ExtractKsTaParameters)
    ExtractKsToParameters                    0x080013b1   Thumb Code   192  mlx90640_api.o(i.ExtractKsToParameters)
    ExtractKtaPixelParameters                0x08001479   Thumb Code   322  mlx90640_api.o(i.ExtractKtaPixelParameters)
    ExtractKvPixelParameters                 0x080015c9   Thumb Code   228  mlx90640_api.o(i.ExtractKvPixelParameters)
    ExtractOffsetParameters                  0x080016b5   Thumb Code   262  mlx90640_api.o(i.ExtractOffsetParameters)
    ExtractPTATParameters                    0x080017bd   Thumb Code   164  mlx90640_api.o(i.ExtractPTATParameters)
    ExtractTgcParameters                     0x0800188d   Thumb Code    44  mlx90640_api.o(i.ExtractTgcParameters)
    ExtractVDDParameters                     0x080018c5   Thumb Code    32  mlx90640_api.o(i.ExtractVDDParameters)
    HAL_Delay                                0x080018e5   Thumb Code    32  stm32f4xx_hal.o(i.HAL_Delay)
    HAL_GPIO_Init                            0x08001909   Thumb Code   358  stm32f4xx_hal_gpio.o(i.HAL_GPIO_Init)
    HAL_GPIO_WritePin                        0x08001a91   Thumb Code    10  stm32f4xx_hal_gpio.o(i.HAL_GPIO_WritePin)
    HAL_GetTick                              0x08001a9d   Thumb Code     6  stm32f4xx_hal.o(i.HAL_GetTick)
    HAL_IncTick                              0x08001aa9   Thumb Code    12  stm32f4xx_hal.o(i.HAL_IncTick)
    HAL_Init                                 0x08001ab9   Thumb Code    48  stm32f4xx_hal.o(i.HAL_Init)
    HAL_InitTick                             0x08001aed   Thumb Code    54  stm32f4xx_hal.o(i.HAL_InitTick)
    HAL_MspInit                              0x08001b2d   Thumb Code    42  stm32f4xx_hal_msp.o(i.HAL_MspInit)
    HAL_NVIC_SetPriority                     0x08001b5d   Thumb Code    60  stm32f4xx_hal_cortex.o(i.HAL_NVIC_SetPriority)
    HAL_NVIC_SetPriorityGrouping             0x08001b9d   Thumb Code    26  stm32f4xx_hal_cortex.o(i.HAL_NVIC_SetPriorityGrouping)
    HAL_RCC_ClockConfig                      0x08001bc1   Thumb Code   286  stm32f4xx_hal_rcc.o(i.HAL_RCC_ClockConfig)
    HAL_RCC_GetSysClockFreq                  0x08001cf1   Thumb Code    88  stm32f4xx_hal_rcc.o(i.HAL_RCC_GetSysClockFreq)
    HAL_RCC_OscConfig                        0x08001d55   Thumb Code   770  stm32f4xx_hal_rcc.o(i.HAL_RCC_OscConfig)
    HAL_SPI_Init                             0x08002071   Thumb Code   128  stm32f4xx_hal_spi.o(i.HAL_SPI_Init)
    HAL_SPI_MspInit                          0x080020f1   Thumb Code   128  spi.o(i.HAL_SPI_MspInit)
    HAL_SPI_TransmitReceive                  0x08002181   Thumb Code   482  stm32f4xx_hal_spi.o(i.HAL_SPI_TransmitReceive)
    HAL_SYSTICK_Config                       0x08002363   Thumb Code    40  stm32f4xx_hal_cortex.o(i.HAL_SYSTICK_Config)
    HardFault_Handler                        0x0800238b   Thumb Code     2  stm32f4xx_it.o(i.HardFault_Handler)
    I2CReadBytes                             0x0800238d   Thumb Code   154  mlx90640_swi2c_driver.o(i.I2CReadBytes)
    I2CReceiveAck                            0x08002431   Thumb Code    78  mlx90640_swi2c_driver.o(i.I2CReceiveAck)
    I2CRepeatedStart                         0x08002489   Thumb Code    64  mlx90640_swi2c_driver.o(i.I2CRepeatedStart)
    I2CSendACK                               0x080024d1   Thumb Code    64  mlx90640_swi2c_driver.o(i.I2CSendACK)
    I2CSendByte                              0x08002519   Thumb Code   100  mlx90640_swi2c_driver.o(i.I2CSendByte)
    I2CSendNack                              0x08002585   Thumb Code    58  mlx90640_swi2c_driver.o(i.I2CSendNack)
    I2CStart                                 0x080025c9   Thumb Code    66  mlx90640_swi2c_driver.o(i.I2CStart)
    I2CStop                                  0x08002615   Thumb Code    58  mlx90640_swi2c_driver.o(i.I2CStop)
    MLX90640_DumpEE                          0x08002659   Thumb Code    14  mlx90640_api.o(i.MLX90640_DumpEE)
    MLX90640_ExtractParameters               0x08002667   Thumb Code   136  mlx90640_api.o(i.MLX90640_ExtractParameters)
    MLX90640_GetFrameData                    0x080026ef   Thumb Code   168  mlx90640_api.o(i.MLX90640_GetFrameData)
    MLX90640_GetTa                           0x08002799   Thumb Code   188  mlx90640_api.o(i.MLX90640_GetTa)
    MLX90640_GetVdd                          0x08002871   Thumb Code   176  mlx90640_api.o(i.MLX90640_GetVdd)
    MLX90640_I2CRead                         0x08002935   Thumb Code   180  mlx90640_swi2c_driver.o(i.MLX90640_I2CRead)
    MLX90640_I2CWrite                        0x080029ed   Thumb Code   126  mlx90640_swi2c_driver.o(i.MLX90640_I2CWrite)
    MLX90640_SetChessMode                    0x08002a71   Thumb Code    40  mlx90640_api.o(i.MLX90640_SetChessMode)
    MLX90640_SetRefreshRate                  0x08002a99   Thumb Code    48  mlx90640_api.o(i.MLX90640_SetRefreshRate)
    MX_GPIO_Init                             0x08002ac9   Thumb Code   226  gpio.o(i.MX_GPIO_Init)
    MX_SPI2_Init                             0x08002bc5   Thumb Code    60  spi.o(i.MX_SPI2_Init)
    MemManage_Handler                        0x08002c09   Thumb Code     2  stm32f4xx_it.o(i.MemManage_Handler)
    NMI_Handler                              0x08002c0b   Thumb Code     2  stm32f4xx_it.o(i.NMI_Handler)
    PendSV_Handler                           0x08002c0d   Thumb Code     2  stm32f4xx_it.o(i.PendSV_Handler)
    SVC_Handler                              0x08002cc3   Thumb Code     2  stm32f4xx_it.o(i.SVC_Handler)
    SysTick_Handler                          0x08002cc5   Thumb Code     4  stm32f4xx_it.o(i.SysTick_Handler)
    SystemClock_Config                       0x08002cc9   Thumb Code   124  main.o(i.SystemClock_Config)
    SystemInit                               0x08002d4d   Thumb Code    66  system_stm32f4xx.o(i.SystemInit)
    UsageFault_Handler                       0x08002da1   Thumb Code     2  stm32f4xx_it.o(i.UsageFault_Handler)
    WIZCHIP_READ                             0x08002da5   Thumb Code    84  w5500.o(i.WIZCHIP_READ)
    WIZCHIP_READ_BUF                         0x08002dfd   Thumb Code   112  w5500.o(i.WIZCHIP_READ_BUF)
    WIZCHIP_WRITE                            0x08002e71   Thumb Code    90  w5500.o(i.WIZCHIP_WRITE)
    WIZCHIP_WRITE_BUF                        0x08002ed1   Thumb Code   108  w5500.o(i.WIZCHIP_WRITE_BUF)
    Wait                                     0x08002f41   Thumb Code    12  mlx90640_swi2c_driver.o(i.Wait)
    __ARM_fpclassify                         0x08002f4d   Thumb Code    48  fpclassify.o(i.__ARM_fpclassify)
    __hardfp_pow                             0x08002fa1   Thumb Code  3072  pow.o(i.__hardfp_pow)
    __hardfp_sqrt                            0x08003bf1   Thumb Code   122  sqrt.o(i.__hardfp_sqrt)
    __kernel_poly                            0x08003c6b   Thumb Code   248  poly.o(i.__kernel_poly)
    __mathlib_dbl_divzero                    0x08003d69   Thumb Code    28  dunder.o(i.__mathlib_dbl_divzero)
    __mathlib_dbl_infnan2                    0x08003d99   Thumb Code    20  dunder.o(i.__mathlib_dbl_infnan2)
    __mathlib_dbl_invalid                    0x08003db1   Thumb Code    24  dunder.o(i.__mathlib_dbl_invalid)
    __mathlib_dbl_overflow                   0x08003dd1   Thumb Code    24  dunder.o(i.__mathlib_dbl_overflow)
    __mathlib_dbl_underflow                  0x08003df1   Thumb Code    24  dunder.o(i.__mathlib_dbl_underflow)
    __scatterload_copy                       0x08003e11   Thumb Code    14  handlers.o(i.__scatterload_copy)
    __scatterload_null                       0x08003e1f   Thumb Code     2  handlers.o(i.__scatterload_null)
    __scatterload_zeroinit                   0x08003e21   Thumb Code    14  handlers.o(i.__scatterload_zeroinit)
    __set_errno                              0x08003e31   Thumb Code     6  errno.o(i.__set_errno)
    close                                    0x08003e3d   Thumb Code   108  socket.o(i.close)
    delay_ms                                 0x08003eb1   Thumb Code    42  delay.o(i.delay_ms)
    fabs                                     0x08003ee1   Thumb Code    24  fabs.o(i.fabs)
    getSn_TX_FSR                             0x08003ef9   Thumb Code    76  w5500.o(i.getSn_TX_FSR)
    main                                     0x08003f45   Thumb Code   228  main.o(i.main)
    network_init                             0x08004041   Thumb Code   206  network.o(i.network_init)
    sendto                                   0x08004121   Thumb Code   378  socket.o(i.sendto)
    socket                                   0x080042a1   Thumb Code   276  socket.o(i.socket)
    sqrt                                     0x080043bd   Thumb Code   110  sqrt.o(i.sqrt)
    wiz_send_data                            0x0800442b   Thumb Code    96  w5500.o(i.wiz_send_data)
    wizchip_cris_enter                       0x0800448b   Thumb Code     2  wizchip_conf.o(i.wizchip_cris_enter)
    wizchip_cris_exit                        0x0800448d   Thumb Code     2  wizchip_conf.o(i.wizchip_cris_exit)
    wizchip_cs_deselect                      0x08004491   Thumb Code    10  wizchip_conf.o(i.wizchip_cs_deselect)
    wizchip_cs_select                        0x080044a1   Thumb Code    12  wizchip_conf.o(i.wizchip_cs_select)
    wizchip_init                             0x080044b1   Thumb Code   122  wizchip_conf.o(i.wizchip_init)
    wizchip_spi_readburst                    0x0800452d   Thumb Code    18  wizchip_conf.o(i.wizchip_spi_readburst)
    wizchip_spi_readbyte                     0x08004549   Thumb Code    30  wizchip_conf.o(i.wizchip_spi_readbyte)
    wizchip_spi_writeburst                   0x0800456d   Thumb Code    18  wizchip_conf.o(i.wizchip_spi_writeburst)
    wizchip_spi_writebyte                    0x08004589   Thumb Code    22  wizchip_conf.o(i.wizchip_spi_writebyte)
    wizchip_sw_reset                         0x080045a5   Thumb Code   116  wizchip_conf.o(i.wizchip_sw_reset)
    AHBPrescTable                            0x08004618   Data          16  system_stm32f4xx.o(.constdata)
    __mathlib_zero                           0x080046b0   Data           8  qnan.o(.constdata)
    Region$$Table$$Base                      0x080046b8   Number         0  anon$$obj.o(Region$$Table)
    Region$$Table$$Limit                     0x080046d8   Number         0  anon$$obj.o(Region$$Table)
    uwTickFreq                               0x20000000   Data           1  stm32f4xx_hal.o(.data)
    uwTickPrio                               0x20000004   Data           4  stm32f4xx_hal.o(.data)
    uwTick                                   0x20000008   Data           4  stm32f4xx_hal.o(.data)
    SystemCoreClock                          0x2000000c   Data           4  system_stm32f4xx.o(.data)
    fac_us                                   0x20000010   Data           1  delay.o(.data)
    fac_ms                                   0x20000012   Data           2  delay.o(.data)
    sock_pack_info                           0x20000022   Data           8  socket.o(.data)
    WIZCHIP                                  0x20000034   Data          40  wizchip_conf.o(.data)
    hspi2                                    0x200012e0   Data          88  spi.o(.bss)
    net_work                                 0x20001338   Data        1188  network.o(.bss)
    xbuf                                     0x200017ec   Data        4096  wizchip_conf.o(.bss)
    __initial_sp                             0x200077f0   Data           0  startup_stm32f401xc.o(STACK)



==============================================================================

Memory Map of the image

  Image Entry point : 0x08000195

  Load Region LR_IROM1 (Base: 0x08000000, Size: 0x00004738, Max: 0x00040000, ABSOLUTE)

    Execution Region ER_IROM1 (Exec base: 0x08000000, Load base: 0x08000000, Size: 0x000046d8, Max: 0x00040000, ABSOLUTE)

    Exec Addr    Load Addr    Size         Type   Attr      Idx    E Section Name        Object

    0x08000000   0x08000000   0x00000194   Data   RO            3    RESET               startup_stm32f401xc.o
    0x08000194   0x08000194   0x00000000   Code   RO         2832  * .ARM.Collect$$$$00000000  mc_w.l(entry.o)
    0x08000194   0x08000194   0x00000004   Code   RO         2878    .ARM.Collect$$$$00000001  mc_w.l(entry2.o)
    0x08000198   0x08000198   0x00000004   Code   RO         2881    .ARM.Collect$$$$00000004  mc_w.l(entry5.o)
    0x0800019c   0x0800019c   0x00000000   Code   RO         2883    .ARM.Collect$$$$00000008  mc_w.l(entry7b.o)
    0x0800019c   0x0800019c   0x00000000   Code   RO         2885    .ARM.Collect$$$$0000000A  mc_w.l(entry8b.o)
    0x0800019c   0x0800019c   0x00000008   Code   RO         2886    .ARM.Collect$$$$0000000B  mc_w.l(entry9a.o)
    0x080001a4   0x080001a4   0x00000000   Code   RO         2888    .ARM.Collect$$$$0000000D  mc_w.l(entry10a.o)
    0x080001a4   0x080001a4   0x00000000   Code   RO         2890    .ARM.Collect$$$$0000000F  mc_w.l(entry11a.o)
    0x080001a4   0x080001a4   0x00000004   Code   RO         2879    .ARM.Collect$$$$00002712  mc_w.l(entry2.o)
    0x080001a8   0x080001a8   0x00000024   Code   RO            4    .text               startup_stm32f401xc.o
    0x080001cc   0x080001cc   0x00000062   Code   RO         2835    .text               mc_w.l(uldiv.o)
    0x0800022e   0x0800022e   0x00000024   Code   RO         2837    .text               mc_w.l(memseta.o)
    0x08000252   0x08000252   0x0000014e   Code   RO         2839    .text               mf_w.l(dadd.o)
    0x080003a0   0x080003a0   0x000000e4   Code   RO         2841    .text               mf_w.l(dmul.o)
    0x08000484   0x08000484   0x000000de   Code   RO         2843    .text               mf_w.l(ddiv.o)
    0x08000562   0x08000562   0x00000022   Code   RO         2845    .text               mf_w.l(dflti.o)
    0x08000584   0x08000584   0x0000001a   Code   RO         2847    .text               mf_w.l(dfltui.o)
    0x0800059e   0x0800059e   0x00000026   Code   RO         2849    .text               mf_w.l(f2d.o)
    0x080005c4   0x080005c4   0x00000038   Code   RO         2851    .text               mf_w.l(d2f.o)
    0x080005fc   0x080005fc   0x0000001e   Code   RO         2892    .text               mc_w.l(llshl.o)
    0x0800061a   0x0800061a   0x00000020   Code   RO         2894    .text               mc_w.l(llushr.o)
    0x0800063a   0x0800063a   0x00000024   Code   RO         2896    .text               mc_w.l(llsshr.o)
    0x0800065e   0x0800065e   0x00000000   Code   RO         2905    .text               mc_w.l(iusefp.o)
    0x0800065e   0x0800065e   0x0000006e   Code   RO         2906    .text               mf_w.l(fepilogue.o)
    0x080006cc   0x080006cc   0x000000ba   Code   RO         2908    .text               mf_w.l(depilogue.o)
    0x08000786   0x08000786   0x0000002e   Code   RO         2912    .text               mf_w.l(dscalb.o)
    0x080007b4   0x080007b4   0x000000a2   Code   RO         2914    .text               mf_w.l(dsqrt.o)
    0x08000856   0x08000856   0x00000002   PAD
    0x08000858   0x08000858   0x00000030   Code   RO         2918    .text               mf_w.l(cdrcmple.o)
    0x08000888   0x08000888   0x00000024   Code   RO         2920    .text               mc_w.l(init.o)
    0x080008ac   0x080008ac   0x000004fc   Code   RO         2044    RAMCODE             mlx90640_api.o
    0x08000da8   0x08000da8   0x00000002   Code   RO          240    i.BusFault_Handler  stm32f4xx_it.o
    0x08000daa   0x08000daa   0x0000001e   Code   RO         2045    i.CheckAdjacentPixels  mlx90640_api.o
    0x08000dc8   0x08000dc8   0x0000000e   Code   RO         2046    i.CheckEEPROMValid  mlx90640_api.o
    0x08000dd6   0x08000dd6   0x00000002   Code   RO          241    i.DebugMon_Handler  stm32f4xx_it.o
    0x08000dd8   0x08000dd8   0x00000034   Code   RO         1993    i.Delay_Init        delay.o
    0x08000e0c   0x08000e0c   0x00000002   Code   RO           13    i.Error_Handler     main.o
    0x08000e0e   0x08000e0e   0x00000002   PAD
    0x08000e10   0x08000e10   0x00000194   Code   RO         2047    i.ExtractAlphaParameters  mlx90640_api.o
    0x08000fa4   0x08000fa4   0x000000a8   Code   RO         2048    i.ExtractCILCParameters  mlx90640_api.o
    0x0800104c   0x0800104c   0x000001d8   Code   RO         2049    i.ExtractCPParameters  mlx90640_api.o
    0x08001224   0x08001224   0x00000140   Code   RO         2050    i.ExtractDeviatingPixels  mlx90640_api.o
    0x08001364   0x08001364   0x00000010   Code   RO         2051    i.ExtractGainParameters  mlx90640_api.o
    0x08001374   0x08001374   0x0000003c   Code   RO         2052    i.ExtractKsTaParameters  mlx90640_api.o
    0x080013b0   0x080013b0   0x000000c8   Code   RO         2053    i.ExtractKsToParameters  mlx90640_api.o
    0x08001478   0x08001478   0x00000150   Code   RO         2054    i.ExtractKtaPixelParameters  mlx90640_api.o
    0x080015c8   0x080015c8   0x000000ec   Code   RO         2055    i.ExtractKvPixelParameters  mlx90640_api.o
    0x080016b4   0x080016b4   0x00000106   Code   RO         2056    i.ExtractOffsetParameters  mlx90640_api.o
    0x080017ba   0x080017ba   0x00000002   PAD
    0x080017bc   0x080017bc   0x000000d0   Code   RO         2057    i.ExtractPTATParameters  mlx90640_api.o
    0x0800188c   0x0800188c   0x00000038   Code   RO         2059    i.ExtractTgcParameters  mlx90640_api.o
    0x080018c4   0x080018c4   0x00000020   Code   RO         2060    i.ExtractVDDParameters  mlx90640_api.o
    0x080018e4   0x080018e4   0x00000024   Code   RO         1706    i.HAL_Delay         stm32f4xx_hal.o
    0x08001908   0x08001908   0x00000188   Code   RO         1156    i.HAL_GPIO_Init     stm32f4xx_hal_gpio.o
    0x08001a90   0x08001a90   0x0000000a   Code   RO         1160    i.HAL_GPIO_WritePin  stm32f4xx_hal_gpio.o
    0x08001a9a   0x08001a9a   0x00000002   PAD
    0x08001a9c   0x08001a9c   0x0000000c   Code   RO         1712    i.HAL_GetTick       stm32f4xx_hal.o
    0x08001aa8   0x08001aa8   0x00000010   Code   RO         1718    i.HAL_IncTick       stm32f4xx_hal.o
    0x08001ab8   0x08001ab8   0x00000034   Code   RO         1719    i.HAL_Init          stm32f4xx_hal.o
    0x08001aec   0x08001aec   0x00000040   Code   RO         1720    i.HAL_InitTick      stm32f4xx_hal.o
    0x08001b2c   0x08001b2c   0x00000030   Code   RO          315    i.HAL_MspInit       stm32f4xx_hal_msp.o
    0x08001b5c   0x08001b5c   0x00000040   Code   RO         1575    i.HAL_NVIC_SetPriority  stm32f4xx_hal_cortex.o
    0x08001b9c   0x08001b9c   0x00000024   Code   RO         1576    i.HAL_NVIC_SetPriorityGrouping  stm32f4xx_hal_cortex.o
    0x08001bc0   0x08001bc0   0x00000130   Code   RO          778    i.HAL_RCC_ClockConfig  stm32f4xx_hal_rcc.o
    0x08001cf0   0x08001cf0   0x00000064   Code   RO          787    i.HAL_RCC_GetSysClockFreq  stm32f4xx_hal_rcc.o
    0x08001d54   0x08001d54   0x0000031c   Code   RO          790    i.HAL_RCC_OscConfig  stm32f4xx_hal_rcc.o
    0x08002070   0x08002070   0x00000080   Code   RO          350    i.HAL_SPI_Init      stm32f4xx_hal_spi.o
    0x080020f0   0x080020f0   0x00000090   Code   RO          199    i.HAL_SPI_MspInit   spi.o
    0x08002180   0x08002180   0x000001e2   Code   RO          359    i.HAL_SPI_TransmitReceive  stm32f4xx_hal_spi.o
    0x08002362   0x08002362   0x00000028   Code   RO         1580    i.HAL_SYSTICK_Config  stm32f4xx_hal_cortex.o
    0x0800238a   0x0800238a   0x00000002   Code   RO          242    i.HardFault_Handler  stm32f4xx_it.o
    0x0800238c   0x0800238c   0x000000a4   Code   RO         2254    i.I2CReadBytes      mlx90640_swi2c_driver.o
    0x08002430   0x08002430   0x00000058   Code   RO         2255    i.I2CReceiveAck     mlx90640_swi2c_driver.o
    0x08002488   0x08002488   0x00000048   Code   RO         2256    i.I2CRepeatedStart  mlx90640_swi2c_driver.o
    0x080024d0   0x080024d0   0x00000048   Code   RO         2257    i.I2CSendACK        mlx90640_swi2c_driver.o
    0x08002518   0x08002518   0x0000006c   Code   RO         2258    i.I2CSendByte       mlx90640_swi2c_driver.o
    0x08002584   0x08002584   0x00000044   Code   RO         2259    i.I2CSendNack       mlx90640_swi2c_driver.o
    0x080025c8   0x080025c8   0x0000004c   Code   RO         2260    i.I2CStart          mlx90640_swi2c_driver.o
    0x08002614   0x08002614   0x00000044   Code   RO         2261    i.I2CStop           mlx90640_swi2c_driver.o
    0x08002658   0x08002658   0x0000000e   Code   RO         2061    i.MLX90640_DumpEE   mlx90640_api.o
    0x08002666   0x08002666   0x00000088   Code   RO         2062    i.MLX90640_ExtractParameters  mlx90640_api.o
    0x080026ee   0x080026ee   0x000000a8   Code   RO         2065    i.MLX90640_GetFrameData  mlx90640_api.o
    0x08002796   0x08002796   0x00000002   PAD
    0x08002798   0x08002798   0x000000d8   Code   RO         2069    i.MLX90640_GetTa    mlx90640_api.o
    0x08002870   0x08002870   0x000000c4   Code   RO         2070    i.MLX90640_GetVdd   mlx90640_api.o
    0x08002934   0x08002934   0x000000b8   Code   RO         2264    i.MLX90640_I2CRead  mlx90640_swi2c_driver.o
    0x080029ec   0x080029ec   0x00000084   Code   RO         2265    i.MLX90640_I2CWrite  mlx90640_swi2c_driver.o
    0x08002a70   0x08002a70   0x00000028   Code   RO         2071    i.MLX90640_SetChessMode  mlx90640_api.o
    0x08002a98   0x08002a98   0x00000030   Code   RO         2073    i.MLX90640_SetRefreshRate  mlx90640_api.o
    0x08002ac8   0x08002ac8   0x000000fc   Code   RO          174    i.MX_GPIO_Init      gpio.o
    0x08002bc4   0x08002bc4   0x00000044   Code   RO          200    i.MX_SPI2_Init      spi.o
    0x08002c08   0x08002c08   0x00000002   Code   RO          243    i.MemManage_Handler  stm32f4xx_it.o
    0x08002c0a   0x08002c0a   0x00000002   Code   RO          244    i.NMI_Handler       stm32f4xx_it.o
    0x08002c0c   0x08002c0c   0x00000002   Code   RO          245    i.PendSV_Handler    stm32f4xx_it.o
    0x08002c0e   0x08002c0e   0x00000020   Code   RO          388    i.SPI_EndRxTxTransaction  stm32f4xx_hal_spi.o
    0x08002c2e   0x08002c2e   0x00000094   Code   RO          393    i.SPI_WaitFlagStateUntilTimeout  stm32f4xx_hal_spi.o
    0x08002cc2   0x08002cc2   0x00000002   Code   RO          246    i.SVC_Handler       stm32f4xx_it.o
    0x08002cc4   0x08002cc4   0x00000004   Code   RO          247    i.SysTick_Handler   stm32f4xx_it.o
    0x08002cc8   0x08002cc8   0x00000084   Code   RO           14    i.SystemClock_Config  main.o
    0x08002d4c   0x08002d4c   0x00000054   Code   RO         1955    i.SystemInit        system_stm32f4xx.o
    0x08002da0   0x08002da0   0x00000002   Code   RO          248    i.UsageFault_Handler  stm32f4xx_it.o
    0x08002da2   0x08002da2   0x00000002   PAD
    0x08002da4   0x08002da4   0x00000058   Code   RO         2515    i.WIZCHIP_READ      w5500.o
    0x08002dfc   0x08002dfc   0x00000074   Code   RO         2516    i.WIZCHIP_READ_BUF  w5500.o
    0x08002e70   0x08002e70   0x00000060   Code   RO         2517    i.WIZCHIP_WRITE     w5500.o
    0x08002ed0   0x08002ed0   0x00000070   Code   RO         2518    i.WIZCHIP_WRITE_BUF  w5500.o
    0x08002f40   0x08002f40   0x0000000c   Code   RO         2266    i.Wait              mlx90640_swi2c_driver.o
    0x08002f4c   0x08002f4c   0x00000030   Code   RO         2873    i.__ARM_fpclassify  m_wm.l(fpclassify.o)
    0x08002f7c   0x08002f7c   0x00000020   Code   RO         1582    i.__NVIC_SetPriority  stm32f4xx_hal_cortex.o
    0x08002f9c   0x08002f9c   0x00000004   PAD
    0x08002fa0   0x08002fa0   0x00000c50   Code   RO         2806    i.__hardfp_pow      m_wm.l(pow.o)
    0x08003bf0   0x08003bf0   0x0000007a   Code   RO         2820    i.__hardfp_sqrt     m_wm.l(sqrt.o)
    0x08003c6a   0x08003c6a   0x000000f8   Code   RO         2875    i.__kernel_poly     m_wm.l(poly.o)
    0x08003d62   0x08003d62   0x00000006   PAD
    0x08003d68   0x08003d68   0x00000030   Code   RO         2853    i.__mathlib_dbl_divzero  m_wm.l(dunder.o)
    0x08003d98   0x08003d98   0x00000014   Code   RO         2855    i.__mathlib_dbl_infnan2  m_wm.l(dunder.o)
    0x08003dac   0x08003dac   0x00000004   PAD
    0x08003db0   0x08003db0   0x00000020   Code   RO         2856    i.__mathlib_dbl_invalid  m_wm.l(dunder.o)
    0x08003dd0   0x08003dd0   0x00000020   Code   RO         2857    i.__mathlib_dbl_overflow  m_wm.l(dunder.o)
    0x08003df0   0x08003df0   0x00000020   Code   RO         2859    i.__mathlib_dbl_underflow  m_wm.l(dunder.o)
    0x08003e10   0x08003e10   0x0000000e   Code   RO         2924    i.__scatterload_copy  mc_w.l(handlers.o)
    0x08003e1e   0x08003e1e   0x00000002   Code   RO         2925    i.__scatterload_null  mc_w.l(handlers.o)
    0x08003e20   0x08003e20   0x0000000e   Code   RO         2926    i.__scatterload_zeroinit  mc_w.l(handlers.o)
    0x08003e2e   0x08003e2e   0x00000002   PAD
    0x08003e30   0x08003e30   0x0000000c   Code   RO         2900    i.__set_errno       mc_w.l(errno.o)
    0x08003e3c   0x08003e3c   0x00000074   Code   RO         2433    i.close             socket.o
    0x08003eb0   0x08003eb0   0x00000030   Code   RO         1994    i.delay_ms          delay.o
    0x08003ee0   0x08003ee0   0x00000018   Code   RO         2869    i.fabs              m_wm.l(fabs.o)
    0x08003ef8   0x08003ef8   0x0000004c   Code   RO         2520    i.getSn_TX_FSR      w5500.o
    0x08003f44   0x08003f44   0x000000fc   Code   RO           15    i.main              main.o
    0x08004040   0x08004040   0x000000e0   Code   RO         2394    i.network_init      network.o
    0x08004120   0x08004120   0x00000180   Code   RO         2442    i.sendto            socket.o
    0x080042a0   0x080042a0   0x0000011c   Code   RO         2444    i.socket            socket.o
    0x080043bc   0x080043bc   0x0000006e   Code   RO         2822    i.sqrt              m_wm.l(sqrt.o)
    0x0800442a   0x0800442a   0x00000060   Code   RO         2523    i.wiz_send_data     w5500.o
    0x0800448a   0x0800448a   0x00000002   Code   RO         2588    i.wizchip_cris_enter  wizchip_conf.o
    0x0800448c   0x0800448c   0x00000002   Code   RO         2589    i.wizchip_cris_exit  wizchip_conf.o
    0x0800448e   0x0800448e   0x00000002   PAD
    0x08004490   0x08004490   0x00000010   Code   RO         2590    i.wizchip_cs_deselect  wizchip_conf.o
    0x080044a0   0x080044a0   0x00000010   Code   RO         2591    i.wizchip_cs_select  wizchip_conf.o
    0x080044b0   0x080044b0   0x0000007a   Code   RO         2597    i.wizchip_init      wizchip_conf.o
    0x0800452a   0x0800452a   0x00000002   PAD
    0x0800452c   0x0800452c   0x0000001c   Code   RO         2602    i.wizchip_spi_readburst  wizchip_conf.o
    0x08004548   0x08004548   0x00000024   Code   RO         2603    i.wizchip_spi_readbyte  wizchip_conf.o
    0x0800456c   0x0800456c   0x0000001c   Code   RO         2604    i.wizchip_spi_writeburst  wizchip_conf.o
    0x08004588   0x08004588   0x0000001c   Code   RO         2605    i.wizchip_spi_writebyte  wizchip_conf.o
    0x080045a4   0x080045a4   0x00000074   Code   RO         2606    i.wizchip_sw_reset  wizchip_conf.o
    0x08004618   0x08004618   0x00000010   Data   RO         1956    .constdata          system_stm32f4xx.o
    0x08004628   0x08004628   0x00000088   Data   RO         2809    .constdata          m_wm.l(pow.o)
    0x080046b0   0x080046b0   0x00000008   Data   RO         2877    .constdata          m_wm.l(qnan.o)
    0x080046b8   0x080046b8   0x00000020   Data   RO         2922    Region$$Table       anon$$obj.o


    Execution Region RW_IRAM1 (Exec base: 0x20000000, Load base: 0x080046d8, Size: 0x000077f0, Max: 0x00010000, ABSOLUTE)

    Exec Addr    Load Addr    Size         Type   Attr      Idx    E Section Name        Object

    0x20000000   0x080046d8   0x0000000c   Data   RW         1726    .data               stm32f4xx_hal.o
    0x2000000c   0x080046e4   0x00000004   Data   RW         1958    .data               system_stm32f4xx.o
    0x20000010   0x080046e8   0x00000004   Data   RW         1996    .data               delay.o
    0x20000014   0x080046ec   0x00000008   Data   RW         2267    .data               mlx90640_swi2c_driver.o
    0x2000001c   0x080046f4   0x0000000e   Data   RW         2446    .data               socket.o
    0x2000002a   0x08004702   0x00000002   PAD
    0x2000002c   0x08004704   0x00000030   Data   RW         2615    .data               wizchip_conf.o
    0x2000005c   0x08004734   0x00000004   Data   RW         2901    .data               mc_w.l(errno.o)
    0x20000060        -       0x00001280   Zero   RW           16    .bss                main.o
    0x200012e0        -       0x00000058   Zero   RW          201    .bss                spi.o
    0x20001338        -       0x000004a4   Zero   RW         2397    .bss                network.o
    0x200017dc        -       0x00000010   Zero   RW         2445    .bss                socket.o
    0x200017ec        -       0x00001000   Zero   RW         2614    .bss                wizchip_conf.o
    0x200027ec   0x08004738   0x00000004   PAD
    0x200027f0        -       0x00005000   Zero   RW            1    STACK               startup_stm32f401xc.o


==============================================================================

Image component sizes


      Code (inc. data)   RO Data    RW Data    ZI Data      Debug   Object Name

       100         12          0          4          0       1986   delay.o
       252         26          0          0          0       1011   gpio.o
       386         32          0          0       4736     381920   main.o
      4908        282          0          0          0      23281   mlx90640_api.o
      1044         84          0          8          0       8470   mlx90640_swi2c_driver.o
       224         18          0          0       1188       1642   network.o
       784         22          0         14         16       3775   socket.o
       212         24          0          0         88       1669   spi.o
        36          8        404          0      20480        828   startup_stm32f401xc.o
       180         28          0         12          0       4525   stm32f4xx_hal.o
       172         14          0          0          0      33226   stm32f4xx_hal_cortex.o
       402         34          0          0          0       2380   stm32f4xx_hal_gpio.o
        48          6          0          0          0        818   stm32f4xx_hal_msp.o
      1200         56          0          0          0       3930   stm32f4xx_hal_rcc.o
       790          0          0          0          0     384197   stm32f4xx_hal_spi.o
        20          0          0          0          0       4034   stm32f4xx_it.o
        84         18         16          4          0       1135   system_stm32f4xx.o
       584         18          0          0          0       4581   w5500.o
       394         42          0         48       4096      10008   wizchip_conf.o

    ----------------------------------------------------------------------
     11838        724        452         92      30608     873416   Object Totals
         0          0         32          0          0          0   (incl. Generated)
        18          0          0          2          4          0   (incl. Padding)

    ----------------------------------------------------------------------

      Code (inc. data)   RO Data    RW Data    ZI Data      Debug   Library Member Name

       164         44          0          0          0        620   dunder.o
        24          0          0          0          0        124   fabs.o
        48          0          0          0          0        124   fpclassify.o
       248          0          0          0          0        152   poly.o
      3152        296        136          0          0        352   pow.o
         0          0          8          0          0          0   qnan.o
       232          0          0          0          0        296   sqrt.o
         0          0          0          0          0          0   entry.o
         0          0          0          0          0          0   entry10a.o
         0          0          0          0          0          0   entry11a.o
         8          4          0          0          0          0   entry2.o
         4          0          0          0          0          0   entry5.o
         0          0          0          0          0          0   entry7b.o
         0          0          0          0          0          0   entry8b.o
         8          4          0          0          0          0   entry9a.o
        12          6          0          4          0         68   errno.o
        30          0          0          0          0          0   handlers.o
        36          8          0          0          0         68   init.o
         0          0          0          0          0          0   iusefp.o
        30          0          0          0          0         68   llshl.o
        36          0          0          0          0         68   llsshr.o
        32          0          0          0          0         68   llushr.o
        36          0          0          0          0        108   memseta.o
        98          0          0          0          0         92   uldiv.o
        48          0          0          0          0         68   cdrcmple.o
        56          0          0          0          0         88   d2f.o
       334          0          0          0          0        148   dadd.o
       222          0          0          0          0        100   ddiv.o
       186          0          0          0          0        176   depilogue.o
        34          0          0          0          0         76   dflti.o
        26          0          0          0          0         76   dfltui.o
       228          0          0          0          0         96   dmul.o
        46          0          0          0          0         80   dscalb.o
       162          0          0          0          0        100   dsqrt.o
        38          0          0          0          0         68   f2d.o
       110          0          0          0          0        168   fepilogue.o

    ----------------------------------------------------------------------
      5702        362        144          4          0       3452   Library Totals
        14          0          0          0          0          0   (incl. Padding)

    ----------------------------------------------------------------------

      Code (inc. data)   RO Data    RW Data    ZI Data      Debug   Library Name

      3868        340        144          0          0       1668   m_wm.l
       330         22          0          4          0        540   mc_w.l
      1490          0          0          0          0       1244   mf_w.l

    ----------------------------------------------------------------------
      5702        362        144          4          0       3452   Library Totals

    ----------------------------------------------------------------------

==============================================================================


      Code (inc. data)   RO Data    RW Data    ZI Data      Debug   

     17540       1086        596         96      30608     867040   Grand Totals
     17540       1086        596         96      30608     867040   ELF Image Totals
     17540       1086        596         96          0          0   ROM Totals

==============================================================================

    Total RO  Size (Code + RO Data)                18136 (  17.71kB)
    Total RW  Size (RW Data + ZI Data)             30704 (  29.98kB)
    Total ROM Size (Code + RO Data + RW Data)      18232 (  17.80kB)

==============================================================================

